Archive member included because of file (symbol)

c:/devkitpro/devkitppc/bin/../lib/gcc/powerpc-eabi/4.6.3/../../../../powerpc-eabi/lib\libgrrlib.a(GRRLIB_bmf.o)
                              init.o (GRRLIB_InitTileSet)
c:/devkitpro/devkitppc/bin/../lib/gcc/powerpc-eabi/4.6.3/../../../../powerpc-eabi/lib\libgrrlib.a(GRRLIB_core.o)
                              main.o (GRRLIB_Exit)
c:/devkitpro/devkitppc/bin/../lib/gcc/powerpc-eabi/4.6.3/../../../../powerpc-eabi/lib\libgrrlib.a(GRRLIB_render.o)
                              ach.o (GRRLIB_DrawImg)
c:/devkitpro/devkitppc/bin/../lib/gcc/powerpc-eabi/4.6.3/../../../../powerpc-eabi/lib\libgrrlib.a(GRRLIB_texEdit.o)
                              init.o (GRRLIB_LoadTexturePNG)
c:/devkitpro/devkitppc/bin/../lib/gcc/powerpc-eabi/4.6.3/../../../../powerpc-eabi/lib\libgrrlib.a(GRRLIB_ttf.o)
                              c:/devkitpro/devkitppc/bin/../lib/gcc/powerpc-eabi/4.6.3/../../../../powerpc-eabi/lib\libgrrlib.a(GRRLIB_core.o) (GRRLIB_InitTTF)
c:/devkitpro/devkitppc/bin/../lib/gcc/powerpc-eabi/4.6.3/../../../../powerpc-eabi/lib\libfreetype.a(ftinit.o)
                              c:/devkitpro/devkitppc/bin/../lib/gcc/powerpc-eabi/4.6.3/../../../../powerpc-eabi/lib\libgrrlib.a(GRRLIB_ttf.o) (FT_Init_FreeType)
c:/devkitpro/devkitppc/bin/../lib/gcc/powerpc-eabi/4.6.3/../../../../powerpc-eabi/lib\libfreetype.a(ftbase.o)
                              c:/devkitpro/devkitppc/bin/../lib/gcc/powerpc-eabi/4.6.3/../../../../powerpc-eabi/lib\libgrrlib.a(GRRLIB_ttf.o) (FT_Load_Glyph)
c:/devkitpro/devkitppc/bin/../lib/gcc/powerpc-eabi/4.6.3/../../../../powerpc-eabi/lib\libfreetype.a(truetype.o)
                              c:/devkitpro/devkitppc/bin/../lib/gcc/powerpc-eabi/4.6.3/../../../../powerpc-eabi/lib\libfreetype.a(ftinit.o) (tt_driver_class)
c:/devkitpro/devkitppc/bin/../lib/gcc/powerpc-eabi/4.6.3/../../../../powerpc-eabi/lib\libfreetype.a(type1.o)
                              c:/devkitpro/devkitppc/bin/../lib/gcc/powerpc-eabi/4.6.3/../../../../powerpc-eabi/lib\libfreetype.a(ftinit.o) (t1_driver_class)
c:/devkitpro/devkitppc/bin/../lib/gcc/powerpc-eabi/4.6.3/../../../../powerpc-eabi/lib\libfreetype.a(cff.o)
                              c:/devkitpro/devkitppc/bin/../lib/gcc/powerpc-eabi/4.6.3/../../../../powerpc-eabi/lib\libfreetype.a(ftinit.o) (cff_driver_class)
c:/devkitpro/devkitppc/bin/../lib/gcc/powerpc-eabi/4.6.3/../../../../powerpc-eabi/lib\libfreetype.a(type1cid.o)
                              c:/devkitpro/devkitppc/bin/../lib/gcc/powerpc-eabi/4.6.3/../../../../powerpc-eabi/lib\libfreetype.a(ftinit.o) (t1cid_driver_class)
c:/devkitpro/devkitppc/bin/../lib/gcc/powerpc-eabi/4.6.3/../../../../powerpc-eabi/lib\libfreetype.a(pfr.o)
                              c:/devkitpro/devkitppc/bin/../lib/gcc/powerpc-eabi/4.6.3/../../../../powerpc-eabi/lib\libfreetype.a(ftinit.o) (pfr_driver_class)
c:/devkitpro/devkitppc/bin/../lib/gcc/powerpc-eabi/4.6.3/../../../../powerpc-eabi/lib\libfreetype.a(type42.o)
                              c:/devkitpro/devkitppc/bin/../lib/gcc/powerpc-eabi/4.6.3/../../../../powerpc-eabi/lib\libfreetype.a(ftinit.o) (t42_driver_class)
c:/devkitpro/devkitppc/bin/../lib/gcc/powerpc-eabi/4.6.3/../../../../powerpc-eabi/lib\libfreetype.a(winfnt.o)
                              c:/devkitpro/devkitppc/bin/../lib/gcc/powerpc-eabi/4.6.3/../../../../powerpc-eabi/lib\libfreetype.a(ftinit.o) (winfnt_driver_class)
c:/devkitpro/devkitppc/bin/../lib/gcc/powerpc-eabi/4.6.3/../../../../powerpc-eabi/lib\libfreetype.a(pcf.o)
                              c:/devkitpro/devkitppc/bin/../lib/gcc/powerpc-eabi/4.6.3/../../../../powerpc-eabi/lib\libfreetype.a(ftinit.o) (pcf_driver_class)
c:/devkitpro/devkitppc/bin/../lib/gcc/powerpc-eabi/4.6.3/../../../../powerpc-eabi/lib\libfreetype.a(bdf.o)
                              c:/devkitpro/devkitppc/bin/../lib/gcc/powerpc-eabi/4.6.3/../../../../powerpc-eabi/lib\libfreetype.a(ftinit.o) (bdf_driver_class)
c:/devkitpro/devkitppc/bin/../lib/gcc/powerpc-eabi/4.6.3/../../../../powerpc-eabi/lib\libfreetype.a(sfnt.o)
                              c:/devkitpro/devkitppc/bin/../lib/gcc/powerpc-eabi/4.6.3/../../../../powerpc-eabi/lib\libfreetype.a(ftinit.o) (sfnt_module_class)
c:/devkitpro/devkitppc/bin/../lib/gcc/powerpc-eabi/4.6.3/../../../../powerpc-eabi/lib\libfreetype.a(autofit.o)
                              c:/devkitpro/devkitppc/bin/../lib/gcc/powerpc-eabi/4.6.3/../../../../powerpc-eabi/lib\libfreetype.a(ftinit.o) (autofit_module_class)
c:/devkitpro/devkitppc/bin/../lib/gcc/powerpc-eabi/4.6.3/../../../../powerpc-eabi/lib\libfreetype.a(pshinter.o)
                              c:/devkitpro/devkitppc/bin/../lib/gcc/powerpc-eabi/4.6.3/../../../../powerpc-eabi/lib\libfreetype.a(ftinit.o) (pshinter_module_class)
c:/devkitpro/devkitppc/bin/../lib/gcc/powerpc-eabi/4.6.3/../../../../powerpc-eabi/lib\libfreetype.a(raster.o)
[...]
Memory Configuration

Name             Origin             Length             Attributes
*default*        0x00000000         0xffffffff

Linker script and memory map

                0x00003400                . = 0x3400

.stub
 *(.stub)
                0x80004000                . = 0x80004000

.init           0x80004000      0x194
 *crt0.o(*.init)
 .init          0x80004000      0x170 c:/devkitPro/libogc/lib/wii\libogc.a(ogc_crt0.o)
                0x80004000                _start
                0x80004140                _memset
 *(.init)
 .init          0x80004170        0xc c:/devkitpro/devkitppc/bin/../lib/gcc/powerpc-eabi/4.6.3/ecrti.o
                0x80004170                __init
 .init          0x8000417c        0x4 c:/devkitpro/devkitppc/bin/../lib/gcc/powerpc-eabi/4.6.3/crtbegin.o
 .init          0x80004180        0x4 c:/devkitpro/devkitppc/bin/../lib/gcc/powerpc-eabi/4.6.3/crtend.o
 .init          0x80004184       0x10 c:/devkitpro/devkitppc/bin/../lib/gcc/powerpc-eabi/4.6.3/ecrtn.o

.rela.dyn       0x80004194        0x0
 .rela.iplt     0x00000000        0x0 c:/devkitpro/devkitppc/bin/../lib/gcc/powerpc-eabi/4.6.3/crtbegin.o

.plt
 *(.plt)

.interp
 *(.interp)

.hash
 *(.hash)

.dynsym
 *(.dynsym)

.dynstr
 *(.dynstr)

.gnu.version
 *(.gnu.version)

.gnu.version_d
 *(.gnu.version_d)

.gnu.version_r
 *(.gnu.version_r)

.rel.init
 *(.rel.init)

.rela.init      0x80004194        0x0
 *(.rela.init)
 .rela.init     0x00000000        0x0 c:/devkitpro/devkitppc/bin/../lib/gcc/powerpc-eabi/4.6.3/crtbegin.o

.rel.text
 *(.rel.text .rel.text.* .rel.gnu.linkonce.t.*)

.rela.text      0x80004194        0x0
 *(.rela.text .rela.text.* .rela.gnu.linkonce.t.*)
 .rela.text     0x00000000        0x0 c:/devkitpro/devkitppc/bin/../lib/gcc/powerpc-eabi/4.6.3/crtbegin.o
 .rela.text._Z9achcreatev
                0x00000000        0x0 c:/devkitpro/devkitppc/bin/../lib/gcc/powerpc-eabi/4.6.3/crtbegin.o
 .rela.text._Z6acdisp11achievement
                0x00000000        0x0 c:/devkitpro/devkitppc/bin/../lib/gcc/powerpc-eabi/4.6.3/crtbegin.o
 .rela.text._Z16achievementcheckv
                0x00000000        0x0 c:/devkitpro/devkitppc/bin/../lib/gcc/powerpc-eabi/4.6.3/crtbegin.o
 .rela.text._ZN7skittle13skittlecreateEv
                0x00000000        0x0 c:/devkitpro/devkitppc/bin/../lib/gcc/powerpc-eabi/4.6.3/crtbegin.o
 .rela.text._ZN4item10itemcreateEiiii
                0x00000000        0x0 c:/devkitpro/devkitppc/bin/../lib/gcc/powerpc-eabi/4.6.3/crtbegin.o
 .rela.text._Z8sologamev
                0x00000000        0x0 c:/devkitpro/devkitppc/bin/../lib/gcc/powerpc-eabi/4.6.3/crtbegin.o
 .rela.text._Z8coopgamev
                0x00000000        0x0 c:/devkitpro/devkitppc/bin/../lib/gcc/powerpc-eabi/4.6.3/crtbegin.o
 .rela.text._Z7gfxinitv
                0x00000000        0x0 c:/devkitpro/devkitppc/bin/../lib/gcc/powerpc-eabi/4.6.3/crtbegin.o
 .rela.text._Z9gfxdeinitv
                0x00000000        0x0 c:/devkitpro/devkitppc/bin/../lib/gcc/powerpc-eabi/4.6.3/crtbegin.o
 .rela.text.startup.main
                0x00000000        0x0 c:/devkitpro/devkitppc/bin/../lib/gcc/powerpc-eabi/4.6.3/crtbegin.o
 .rela.text.GRRLIB_ClipReset
                0x00000000        0x0 c:/devkitpro/devkitppc/bin/../lib/gcc/powerpc-eabi/4.6.3/crtbegin.o
 .rela.text.GRRLIB_GXEngine
                0x00000000        0x0 c:/devkitpro/devkitppc/bin/../lib/gcc/powerpc-eabi/4.6.3/crtbegin.o
 .rela.text.GRRLIB_Plot
                0x00000000        0x0 c:/devkitpro/devkitppc/bin/../lib/gcc/powerpc-eabi/4.6.3/crtbegin.o
 .rela.text.GRRLIB_Line
                0x00000000        0x0 c:/devkitpro/devkitppc/bin/../lib/gcc/powerpc-eabi/4.6.3/crtbegin.o
 .rela.text.GRRLIB_Rectangle
                0x00000000        0x0 c:/devkitpro/devkitppc/bin/../lib/gcc/powerpc-eabi/4.6.3/crtbegin.o
 .rela.text.GRRLIB_FillScreen
                0x00000000        0x0 c:/devkitpro/devkitppc/bin/../lib/gcc/powerpc-eabi/4.6.3/crtbegin.o
 .rela.text.GRRLIB_Exit
                0x00000000        0x0 c:/devkitpro/devkitppc/bin/../lib/gcc/powerpc-eabi/4.6.3/crtbegin.o
 .rela.text.GRRLIB_SetBlend
                0x00000000        0x0 c:/devkitpro/devkitppc/bin/../lib/gcc/powerpc-eabi/4.6.3/crtbegin.o
 .rela.text.GRRLIB_GetBlend
                0x00000000        0x0 c:/devkitpro/devkitppc/bin/../lib/gcc/powerpc-eabi/4.6.3/crtbegin.o
 .rela.text.GRRLIB_SetAntiAliasing
                0x00000000        0x0 c:/devkitpro/devkitppc/bin/../lib/gcc/powerpc-eabi/4.6.3/crtbegin.o
 .rela.text.GRRLIB_GetAntiAliasing
                0x00000000        0x0 c:/devkitpro/devkitppc/bin/../lib/gcc/powerpc-eabi/4.6.3/crtbegin.o
 .rela.text.GRRLIB_Init
                0x00000000        0x0 c:/devkitpro/devkitppc/bin/../lib/gcc/powerpc-eabi/4.6.3/crtbegin.o
 .rela.text.GRRLIB_DrawImg
                0x00000000        0x0 c:/devkitpro/devkitppc/bin/../lib/gcc/powerpc-eabi/4.6.3/crtbegin.o
 .rela.text.GRRLIB_DrawImgQuad
                0x00000000        0x0 c:/devkitpro/devkitppc/bin/../lib/gcc/powerpc-eabi/4.6.3/crtbegin.o
 .rela.text.GRRLIB_DrawTile
                0x00000000        0x0 c:/devkitpro/devkitppc/bin/../lib/gcc/powerpc-eabi/4.6.3/crtbegin.o
 .rela.text.GRRLIB_DrawPart
                0x00000000        0x0 c:/devkitpro/devkitppc/bin/../lib/gcc/powerpc-eabi/4.6.3/crtbegin.o
 .rela.text.GRRLIB_DrawTileQuad
                0x00000000        0x0 c:/devkitpro/devkitppc/bin/../lib/gcc/powerpc-eabi/4.6.3/crtbegin.o
 .rela.text.GRRLIB_Render
                0x00000000        0x0 c:/devkitpro/devkitppc/bin/../lib/gcc/powerpc-eabi/4.6.3/crtbegin.o
 .rela.text.GRRLIB_PrintfTTFW
                0x00000000        0x0 c:/devkitpro/devkitppc/bin/../lib/gcc/powerpc-eabi/4.6.3/crtbegin.o
 .rela.text.png_error
                0x00000000        0x0 c:/devkitpro/devkitppc/bin/../lib/gcc/powerpc-eabi/4.6.3/crtbegin.o
 .rela.text.png_warning
                0x00000000        0x0 c:/devkitpro/devkitppc/bin/../lib/gcc/powerpc-eabi/4.6.3/crtbegin.o
 .rela.text.png_create_read_struct_2
                0x00000000        0x0 c:/devkitpro/devkitppc/bin/../lib/gcc/powerpc-eabi/4.6.3/crtbegin.o
 .rela.text.png_handle_gAMA
                0x00000000        0x0 c:/devkitpro/devkitppc/bin/../lib/gcc/powerpc-eabi/4.6.3/crtbegin.o
 .rela.text.png_handle_cHRM
                0x00000000        0x0 c:/devkitpro/devkitppc/bin/../lib/gcc/powerpc-eabi/4.6.3/crtbegin.o
 .rela.text.png_handle_sRGB
                0x00000000        0x0 c:/devkitpro/devkitppc/bin/../lib/gcc/powerpc-eabi/4.6.3/crtbegin.o
 .rela.text.png_create_write_struct_2
                0x00000000        0x0 c:/devkitpro/devkitppc/bin/../lib/gcc/powerpc-eabi/4.6.3/crtbegin.o
 .rela.text.jpeg_stdio_src
                0x00000000        0x0 c:/devkitpro/devkitppc/bin/../lib/gcc/powerpc-eabi/4.6.3/crtbegin.o
 .rela.text.jpeg_mem_src
                0x00000000        0x0 c:/devkitpro/devkitppc/bin/../lib/gcc/powerpc-eabi/4.6.3/crtbegin.o
 .rela.text.consume_markers
                0x00000000        0x0 c:/devkitpro/devkitppc/bin/../lib/gcc/powerpc-eabi/4.6.3/crtbegin.o
 .rela.text.read_markers
                0x00000000        0x0 c:/devkitpro/devkitppc/bin/../lib/gcc/powerpc-eabi/4.6.3/crtbegin.o
 .rela.text.output_message
                0x00000000        0x0 c:/devkitpro/devkitppc/bin/../lib/gcc/powerpc-eabi/4.6.3/crtbegin.o
 .rela.text.arith_decode
                0x00000000        0x0 c:/devkitpro/devkitppc/bin/../lib/gcc/powerpc-eabi/4.6.3/crtbegin.o
 .rela.text.start_pass
                0x00000000        0x0 c:/devkitpro/devkitppc/bin/../lib/gcc/powerpc-eabi/4.6.3/crtbegin.o
 .rela.text.deflate_slow
                0x00000000        0x0 c:/devkitpro/devkitppc/bin/../lib/gcc/powerpc-eabi/4.6.3/crtbegin.o
 .rela.text.deflate_fast
                0x00000000        0x0 c:/devkitpro/devkitppc/bin/../lib/gcc/powerpc-eabi/4.6.3/crtbegin.o
 .rela.text.deflate
                0x00000000        0x0 c:/devkitpro/devkitppc/bin/../lib/gcc/powerpc-eabi/4.6.3/crtbegin.o
 .rela.text.deflateInit2_
                0x00000000        0x0 c:/devkitpro/devkitppc/bin/../lib/gcc/powerpc-eabi/4.6.3/crtbegin.o
 .rela.text.inflateInit2_
                0x00000000        0x0 c:/devkitpro/devkitppc/bin/../lib/gcc/powerpc-eabi/4.6.3/crtbegin.o
 .rela.text.fatUnmount
                0x00000000        0x0 c:/devkitpro/devkitppc/bin/../lib/gcc/powerpc-eabi/4.6.3/crtbegin.o
 .rela.text.fatInit
                0x00000000        0x0 c:/devkitpro/devkitppc/bin/../lib/gcc/powerpc-eabi/4.6.3/crtbegin.o
 .rela.text.fatGetVolumeLabel
                0x00000000        0x0 c:/devkitpro/devkitppc/bin/../lib/gcc/powerpc-eabi/4.6.3/crtbegin.o
 .rela.text._FAT_directory_entryGetAlias
                0x00000000        0x0 c:/devkitpro/devkitppc/bin/../lib/gcc/powerpc-eabi/4.6.3/crtbegin.o
 .rela.text.get_io_wiisd
                0x00000000        0x0 c:/devkitpro/devkitppc/bin/../lib/gcc/powerpc-eabi/4.6.3/crtbegin.o
 .rela.text.get_io_usbstorage
                0x00000000        0x0 c:/devkitpro/devkitppc/bin/../lib/gcc/powerpc-eabi/4.6.3/crtbegin.o
 .rela.text.get_io_gcsda
                0x00000000        0x0 c:/devkitpro/devkitppc/bin/../lib/gcc/powerpc-eabi/4.6.3/crtbegin.o
 .rela.text.get_io_gcsdb
                0x00000000        0x0 c:/devkitpro/devkitppc/bin/../lib/gcc/powerpc-eabi/4.6.3/crtbegin.o
 .rela.text.wiiuse_handshake_expansion
                0x00000000        0x0 c:/devkitpro/devkitppc/bin/../lib/gcc/powerpc-eabi/4.6.3/crtbegin.o
 .rela.text.wiiuse_handshake
                0x00000000        0x0 c:/devkitpro/devkitppc/bin/../lib/gcc/powerpc-eabi/4.6.3/crtbegin.o
 .rela.text.wiiuse_init_cmd_queue
                0x00000000        0x0 c:/devkitpro/devkitppc/bin/../lib/gcc/powerpc-eabi/4.6.3/crtbegin.o
 .rela.text.wiiuse_init
                0x00000000        0x0 c:/devkitpro/devkitppc/bin/../lib/gcc/powerpc-eabi/4.6.3/crtbegin.o
 .rela.text.bt_alarmhandler
                0x00000000        0x0 c:/devkitpro/devkitppc/bin/../lib/gcc/powerpc-eabi/4.6.3/crtbegin.o
 .rela.text.__lwp_thread_calcheir
                0x00000000        0x0 c:/devkitpro/devkitppc/bin/../lib/gcc/powerpc-eabi/4.6.3/crtbegin.o
 .rela.text.__lwp_wd_insert_ticks.constprop.4
                0x00000000        0x0 c:/devkitpro/devkitppc/bin/../lib/gcc/powerpc-eabi/4.6.3/crtbegin.o
 .rela.text.__lwp_rotate_readyqueue
                0x00000000        0x0 c:/devkitpro/devkitppc/bin/../lib/gcc/powerpc-eabi/4.6.3/crtbegin.o
 .rela.text.__lwp_thread_setpriority
                0x00000000        0x0 c:/devkitpro/devkitppc/bin/../lib/gcc/powerpc-eabi/4.6.3/crtbegin.o
 .rela.text.__lwp_thread_close
                0x00000000        0x0 c:/devkitpro/devkitppc/bin/../lib/gcc/powerpc-eabi/4.6.3/crtbegin.o
 .rela.text.__lwp_thread_closeall
                0x00000000        0x0 c:/devkitpro/devkitppc/bin/../lib/gcc/powerpc-eabi/4.6.3/crtbegin.o
 .rela.text.__lwp_thread_startmultitasking
                0x00000000        0x0 c:/devkitpro/devkitppc/bin/../lib/gcc/powerpc-eabi/4.6.3/crtbegin.o
 .rela.text.__lwp_thread_stopmultitasking
                0x00000000        0x0 c:/devkitpro/devkitppc/bin/../lib/gcc/powerpc-eabi/4.6.3/crtbegin.o
 .rela.text.__lwp_thread_coreinit
                0x00000000        0x0 c:/devkitpro/devkitppc/bin/../lib/gcc/powerpc-eabi/4.6.3/crtbegin.o
 .rela.text.__lwp_cntrl_free
                0x00000000        0x0 c:/devkitpro/devkitppc/bin/../lib/gcc/powerpc-eabi/4.6.3/crtbegin.o
 .rela.text.__lwp_tqueue_open
                0x00000000        0x0 c:/devkitpro/devkitppc/bin/../lib/gcc/powerpc-eabi/4.6.3/crtbegin.o
 .rela.text.__lwp_cntrl_open
                0x00000000        0x0 c:/devkitpro/devkitppc/bin/../lib/gcc/powerpc-eabi/4.6.3/crtbegin.o
 .rela.text.__lwp_sysinit
                0x00000000        0x0 c:/devkitpro/devkitppc/bin/../lib/gcc/powerpc-eabi/4.6.3/crtbegin.o
 .rela.text.__lwp_thread_isalive
                0x00000000        0x0 c:/devkitpro/devkitppc/bin/../lib/gcc/powerpc-eabi/4.6.3/crtbegin.o
 .rela.text.__lwp_thread_exists
                0x00000000        0x0 c:/devkitpro/devkitppc/bin/../lib/gcc/powerpc-eabi/4.6.3/crtbegin.o
 .rela.text.__lwp_thread_context
                0x00000000        0x0 c:/devkitpro/devkitppc/bin/../lib/gcc/powerpc-eabi/4.6.3/crtbegin.o
 .rela.text.LWP_CreateThread
                0x00000000        0x0 c:/devkitpro/devkitppc/bin/../lib/gcc/powerpc-eabi/4.6.3/crtbegin.o
 .rela.text.LWP_InitQueue
                0x00000000        0x0 c:/devkitpro/devkitppc/bin/../lib/gcc/powerpc-eabi/4.6.3/crtbegin.o
 .rela.text.LWP_CloseQueue
                0x00000000        0x0 c:/devkitpro/devkitppc/bin/../lib/gcc/powerpc-eabi/4.6.3/crtbegin.o
 .rela.text.__lwp_stack_allocate
                0x00000000        0x0 c:/devkitpro/devkitppc/bin/../lib/gcc/powerpc-eabi/4.6.3/crtbegin.o
 .rela.text.__lwp_stack_free
                0x00000000        0x0 c:/devkitpro/devkitppc/bin/../lib/gcc/powerpc-eabi/4.6.3/crtbegin.o
 .rela.text.__lwp_watchdog_init
                0x00000000        0x0 c:/devkitpro/devkitppc/bin/../lib/gcc/powerpc-eabi/4.6.3/crtbegin.o
 .rela.text.__lwp_wd_tickle
                0x00000000        0x0 c:/devkitpro/devkitppc/bin/../lib/gcc/powerpc-eabi/4.6.3/crtbegin.o
 .rela.text.__lwp_wkspace_heapfree
                0x00000000        0x0 c:/devkitpro/devkitppc/bin/../lib/gcc/powerpc-eabi/4.6.3/crtbegin.o
 .rela.text.__lwp_wkspace_heapused
                0x00000000        0x0 c:/devkitpro/devkitppc/bin/../lib/gcc/powerpc-eabi/4.6.3/crtbegin.o
 .rela.text.__lwp_wkspace_init
                0x00000000        0x0 c:/devkitpro/devkitppc/bin/../lib/gcc/powerpc-eabi/4.6.3/crtbegin.o
 .rela.text.__lwp_objmgr_initinfo
                0x00000000        0x0 c:/devkitpro/devkitppc/bin/../lib/gcc/powerpc-eabi/4.6.3/crtbegin.o
 .rela.text.__irq_init
                0x00000000        0x0 c:/devkitpro/devkitppc/bin/../lib/gcc/powerpc-eabi/4.6.3/crtbegin.o
 .rela.text.__lwp_mutex_locksupp.constprop.7
                0x00000000        0x0 c:/devkitpro/devkitppc/bin/../lib/gcc/powerpc-eabi/4.6.3/crtbegin.o
 .rela.text.__lwp_mutex_init
                0x00000000        0x0 c:/devkitpro/devkitppc/bin/../lib/gcc/powerpc-eabi/4.6.3/crtbegin.o
 .rela.text.LWP_MutexInit
                0x00000000        0x0 c:/devkitpro/devkitppc/bin/../lib/gcc/powerpc-eabi/4.6.3/crtbegin.o
 .rela.text.LWP_MutexDestroy
                0x00000000        0x0 c:/devkitpro/devkitppc/bin/../lib/gcc/powerpc-eabi/4.6.3/crtbegin.o
 .rela.text.LWP_MutexUnlock
                0x00000000        0x0 c:/devkitpro/devkitppc/bin/../lib/gcc/powerpc-eabi/4.6.3/crtbegin.o
 .rela.text.__call_resetfuncs
                0x00000000        0x0 c:/devkitpro/devkitppc/bin/../lib/gcc/powerpc-eabi/4.6.3/crtbegin.o
 .rela.text.__locksram
                0x00000000        0x0 c:/devkitpro/devkitppc/bin/../lib/gcc/powerpc-eabi/4.6.3/crtbegin.o
 .rela.text.__lwp_wd_insert_ticks
                0x00000000        0x0 c:/devkitpro/devkitppc/bin/../lib/gcc/powerpc-eabi/4.6.3/crtbegin.o
 .rela.text.__unlocksram
                0x00000000        0x0 c:/devkitpro/devkitppc/bin/../lib/gcc/powerpc-eabi/4.6.3/crtbegin.o
 .rela.text.__sram_writecallback
                0x00000000        0x0 c:/devkitpro/devkitppc/bin/../lib/gcc/powerpc-eabi/4.6.3/crtbegin.o
 .rela.text.__sram_init
                0x00000000        0x0 c:/devkitpro/devkitppc/bin/../lib/gcc/powerpc-eabi/4.6.3/crtbegin.o
 .rela.text.__SYS_SyncSram
                0x00000000        0x0 c:/devkitpro/devkitppc/bin/../lib/gcc/powerpc-eabi/4.6.3/crtbegin.o
 .rela.text.SYS_Init
                0x00000000        0x0 c:/devkitpro/devkitppc/bin/../lib/gcc/powerpc-eabi/4.6.3/crtbegin.o
 .rela.text.SYS_RemoveAlarm
                0x00000000        0x0 c:/devkitpro/devkitppc/bin/../lib/gcc/powerpc-eabi/4.6.3/crtbegin.o
 .rela.text.SYS_CancelAlarm
                0x00000000        0x0 c:/devkitpro/devkitppc/bin/../lib/gcc/powerpc-eabi/4.6.3/crtbegin.o
 .rela.text.__lwp_cond_open
                0x00000000        0x0 c:/devkitpro/devkitppc/bin/../lib/gcc/powerpc-eabi/4.6.3/crtbegin.o
 .rela.text.__lwp_cond_init
                0x00000000        0x0 c:/devkitpro/devkitppc/bin/../lib/gcc/powerpc-eabi/4.6.3/crtbegin.o
 .rela.text.LWP_CondInit
                0x00000000        0x0 c:/devkitpro/devkitppc/bin/../lib/gcc/powerpc-eabi/4.6.3/crtbegin.o
 .rela.text.LWP_CondDestroy
                0x00000000        0x0 c:/devkitpro/devkitppc/bin/../lib/gcc/powerpc-eabi/4.6.3/crtbegin.o
 .rela.text.__GX_FifoLink
                0x00000000        0x0 c:/devkitpro/devkitppc/bin/../lib/gcc/powerpc-eabi/4.6.3/crtbegin.o
 .rela.text.__GX_WriteFifoIntEnable
                0x00000000        0x0 c:/devkitpro/devkitppc/bin/../lib/gcc/powerpc-eabi/4.6.3/crtbegin.o
 .rela.text.__GX_FifoReadEnable
                0x00000000        0x0 c:/devkitpro/devkitppc/bin/../lib/gcc/powerpc-eabi/4.6.3/crtbegin.o
 .rela.text.__GX_FifoReadDisable
                0x00000000        0x0 c:/devkitpro/devkitppc/bin/../lib/gcc/powerpc-eabi/4.6.3/crtbegin.o
 .rela.text.__GX_InitRevBits
                0x00000000        0x0 c:/devkitpro/devkitppc/bin/../lib/gcc/powerpc-eabi/4.6.3/crtbegin.o
 .rela.text.__GXDefTexRegionCallback
                0x00000000        0x0 c:/devkitpro/devkitppc/bin/../lib/gcc/powerpc-eabi/4.6.3/crtbegin.o
 .rela.text.__GXDefTlutRegionCallback
                0x00000000        0x0 c:/devkitpro/devkitppc/bin/../lib/gcc/powerpc-eabi/4.6.3/crtbegin.o
 .rela.text.__GX_FlushTextureState
                0x00000000        0x0 c:/devkitpro/devkitppc/bin/../lib/gcc/powerpc-eabi/4.6.3/crtbegin.o
 .rela.text.__SetSURegs
                0x00000000        0x0 c:/devkitpro/devkitppc/bin/../lib/gcc/powerpc-eabi/4.6.3/crtbegin.o
 .rela.text.__SETVCDFMT
                0x00000000        0x0 c:/devkitpro/devkitppc/bin/../lib/gcc/powerpc-eabi/4.6.3/crtbegin.o
 .rela.text.__GX_SetMatrixIndex
                0x00000000        0x0 c:/devkitpro/devkitppc/bin/../lib/gcc/powerpc-eabi/4.6.3/crtbegin.o
 .rela.text.__GX_SetDirtyState
                0x00000000        0x0 c:/devkitpro/devkitppc/bin/../lib/gcc/powerpc-eabi/4.6.3/crtbegin.o
 .rela.text.__SETVCDATTR
                0x00000000        0x0 c:/devkitpro/devkitppc/bin/../lib/gcc/powerpc-eabi/4.6.3/crtbegin.o
 .rela.text.__GX_WriteFifoIntReset.constprop.6
                0x00000000        0x0 c:/devkitpro/devkitppc/bin/../lib/gcc/powerpc-eabi/4.6.3/crtbegin.o
 .rela.text.__GXCPInterruptHandler
                0x00000000        0x0 c:/devkitpro/devkitppc/bin/../lib/gcc/powerpc-eabi/4.6.3/crtbegin.o
 .rela.text.GX_Flush
                0x00000000        0x0 c:/devkitpro/devkitppc/bin/../lib/gcc/powerpc-eabi/4.6.3/crtbegin.o
 .rela.text.GX_EnableBreakPt
                0x00000000        0x0 c:/devkitpro/devkitppc/bin/../lib/gcc/powerpc-eabi/4.6.3/crtbegin.o
 .rela.text.GX_DisableBreakPt
                0x00000000        0x0 c:/devkitpro/devkitppc/bin/../lib/gcc/powerpc-eabi/4.6.3/crtbegin.o
 .rela.text.GX_AbortFrame
                0x00000000        0x0 c:/devkitpro/devkitppc/bin/../lib/gcc/powerpc-eabi/4.6.3/crtbegin.o
 .rela.text.GX_PixModeSync
                0x00000000        0x0 c:/devkitpro/devkitppc/bin/../lib/gcc/powerpc-eabi/4.6.3/crtbegin.o
 .rela.text.GX_SetMisc
                0x00000000        0x0 c:/devkitpro/devkitppc/bin/../lib/gcc/powerpc-eabi/4.6.3/crtbegin.o
 .rela.text.GX_SetCopyClamp
                0x00000000        0x0 c:/devkitpro/devkitppc/bin/../lib/gcc/powerpc-eabi/4.6.3/crtbegin.o
 .rela.text.GX_SetDispCopyGamma
                0x00000000        0x0 c:/devkitpro/devkitppc/bin/../lib/gcc/powerpc-eabi/4.6.3/crtbegin.o
 .rela.text.GX_SetDispCopyFrame2Field
                0x00000000        0x0 c:/devkitpro/devkitppc/bin/../lib/gcc/powerpc-eabi/4.6.3/crtbegin.o
 .rela.text.GX_SetDispCopyYScale
                0x00000000        0x0 c:/devkitpro/devkitppc/bin/../lib/gcc/powerpc-eabi/4.6.3/crtbegin.o
 .rela.text.GX_SetDispCopyDst
                0x00000000        0x0 c:/devkitpro/devkitppc/bin/../lib/gcc/powerpc-eabi/4.6.3/crtbegin.o
 .rela.text.GX_SetDispCopySrc
                0x00000000        0x0 c:/devkitpro/devkitppc/bin/../lib/gcc/powerpc-eabi/4.6.3/crtbegin.o
 .rela.text.GX_CopyDisp
                0x00000000        0x0 c:/devkitpro/devkitppc/bin/../lib/gcc/powerpc-eabi/4.6.3/crtbegin.o
 .rela.text.GX_CopyTex
                0x00000000        0x0 c:/devkitpro/devkitppc/bin/../lib/gcc/powerpc-eabi/4.6.3/crtbegin.o
 .rela.text.GX_SetTexCopySrc
                0x00000000        0x0 c:/devkitpro/devkitppc/bin/../lib/gcc/powerpc-eabi/4.6.3/crtbegin.o
 .rela.text.GX_SetTexCopyDst
                0x00000000        0x0 c:/devkitpro/devkitppc/bin/../lib/gcc/powerpc-eabi/4.6.3/crtbegin.o
 .rela.text.GX_BeginDispList
                0x00000000        0x0 c:/devkitpro/devkitppc/bin/../lib/gcc/powerpc-eabi/4.6.3/crtbegin.o
 .rela.text.GX_EndDispList
                0x00000000        0x0 c:/devkitpro/devkitppc/bin/../lib/gcc/powerpc-eabi/4.6.3/crtbegin.o
 .rela.text.GX_CallDispList
                0x00000000        0x0 c:/devkitpro/devkitppc/bin/../lib/gcc/powerpc-eabi/4.6.3/crtbegin.o
 .rela.text.GX_SetChanCtrl
                0x00000000        0x0 c:/devkitpro/devkitppc/bin/../lib/gcc/powerpc-eabi/4.6.3/crtbegin.o
 .rela.text.GX_SetChanAmbColor
                0x00000000        0x0 c:/devkitpro/devkitppc/bin/../lib/gcc/powerpc-eabi/4.6.3/crtbegin.o
 .rela.text.GX_SetChanMatColor
                0x00000000        0x0 c:/devkitpro/devkitppc/bin/../lib/gcc/powerpc-eabi/4.6.3/crtbegin.o
 .rela.text.GX_SetVtxDesc
                0x00000000        0x0 c:/devkitpro/devkitppc/bin/../lib/gcc/powerpc-eabi/4.6.3/crtbegin.o
 .rela.text.GX_SetVtxDescv
                0x00000000        0x0 c:/devkitpro/devkitppc/bin/../lib/gcc/powerpc-eabi/4.6.3/crtbegin.o
 .rela.text.GX_GetVtxDescv
                0x00000000        0x0 c:/devkitpro/devkitppc/bin/../lib/gcc/powerpc-eabi/4.6.3/crtbegin.o
 .rela.text.GX_SetVtxAttrFmt
                0x00000000        0x0 c:/devkitpro/devkitppc/bin/../lib/gcc/powerpc-eabi/4.6.3/crtbegin.o
 .rela.text.GX_SetVtxAttrFmtv
                0x00000000        0x0 c:/devkitpro/devkitppc/bin/../lib/gcc/powerpc-eabi/4.6.3/crtbegin.o
 .rela.text.GX_Begin
                0x00000000        0x0 c:/devkitpro/devkitppc/bin/../lib/gcc/powerpc-eabi/4.6.3/crtbegin.o
 .rela.text.GX_SetTexCoordGen2
                0x00000000        0x0 c:/devkitpro/devkitppc/bin/../lib/gcc/powerpc-eabi/4.6.3/crtbegin.o
 .rela.text.GX_SetCurrentMtx
                0x00000000        0x0 c:/devkitpro/devkitppc/bin/../lib/gcc/powerpc-eabi/4.6.3/crtbegin.o
 .rela.text.GX_SetNumTexGens
                0x00000000        0x0 c:/devkitpro/devkitppc/bin/../lib/gcc/powerpc-eabi/4.6.3/crtbegin.o
 .rela.text.GX_SetZMode
                0x00000000        0x0 c:/devkitpro/devkitppc/bin/../lib/gcc/powerpc-eabi/4.6.3/crtbegin.o
 .rela.text.GX_LoadTexObjPreloaded
                0x00000000        0x0 c:/devkitpro/devkitppc/bin/../lib/gcc/powerpc-eabi/4.6.3/crtbegin.o
 .rela.text.GX_SetTexCoordScaleManually
                0x00000000        0x0 c:/devkitpro/devkitppc/bin/../lib/gcc/powerpc-eabi/4.6.3/crtbegin.o
 .rela.text.GX_SetTexCoordCylWrap
                0x00000000        0x0 c:/devkitpro/devkitppc/bin/../lib/gcc/powerpc-eabi/4.6.3/crtbegin.o
 .rela.text.GX_SetTexCoordBias
                0x00000000        0x0 c:/devkitpro/devkitppc/bin/../lib/gcc/powerpc-eabi/4.6.3/crtbegin.o
 .rela.text.GX_SetBlendMode
                0x00000000        0x0 c:/devkitpro/devkitppc/bin/../lib/gcc/powerpc-eabi/4.6.3/crtbegin.o
 .rela.text.GX_ClearVtxDesc
                0x00000000        0x0 c:/devkitpro/devkitppc/bin/../lib/gcc/powerpc-eabi/4.6.3/crtbegin.o
 .rela.text.GX_SetLineWidth
                0x00000000        0x0 c:/devkitpro/devkitppc/bin/../lib/gcc/powerpc-eabi/4.6.3/crtbegin.o
 .rela.text.GX_SetPointSize
                0x00000000        0x0 c:/devkitpro/devkitppc/bin/../lib/gcc/powerpc-eabi/4.6.3/crtbegin.o
 .rela.text.GX_SetTevColorIn
                0x00000000        0x0 c:/devkitpro/devkitppc/bin/../lib/gcc/powerpc-eabi/4.6.3/crtbegin.o
 .rela.text.GX_SetTevAlphaIn
                0x00000000        0x0 c:/devkitpro/devkitppc/bin/../lib/gcc/powerpc-eabi/4.6.3/crtbegin.o
 .rela.text.GX_SetTevColorOp
                0x00000000        0x0 c:/devkitpro/devkitppc/bin/../lib/gcc/powerpc-eabi/4.6.3/crtbegin.o
 .rela.text.GX_SetTevAlphaOp
                0x00000000        0x0 c:/devkitpro/devkitppc/bin/../lib/gcc/powerpc-eabi/4.6.3/crtbegin.o
 .rela.text.GX_SetCullMode
                0x00000000        0x0 c:/devkitpro/devkitppc/bin/../lib/gcc/powerpc-eabi/4.6.3/crtbegin.o
 .rela.text.GX_SetCoPlanar
                0x00000000        0x0 c:/devkitpro/devkitppc/bin/../lib/gcc/powerpc-eabi/4.6.3/crtbegin.o
 .rela.text.GX_EnableTexOffsets
                0x00000000        0x0 c:/devkitpro/devkitppc/bin/../lib/gcc/powerpc-eabi/4.6.3/crtbegin.o
 .rela.text.GX_SetScissor
                0x00000000        0x0 c:/devkitpro/devkitppc/bin/../lib/gcc/powerpc-eabi/4.6.3/crtbegin.o
 .rela.text.GX_SetNumChans
                0x00000000        0x0 c:/devkitpro/devkitppc/bin/../lib/gcc/powerpc-eabi/4.6.3/crtbegin.o
 .rela.text.GX_SetTevOrder
                0x00000000        0x0 c:/devkitpro/devkitppc/bin/../lib/gcc/powerpc-eabi/4.6.3/crtbegin.o
 .rela.text.GX_SetNumTevStages
                0x00000000        0x0 c:/devkitpro/devkitppc/bin/../lib/gcc/powerpc-eabi/4.6.3/crtbegin.o
 .rela.text.GX_SetTevKColorSel
                0x00000000        0x0 c:/devkitpro/devkitppc/bin/../lib/gcc/powerpc-eabi/4.6.3/crtbegin.o
 .rela.text.GX_SetTevKAlphaSel
                0x00000000        0x0 c:/devkitpro/devkitppc/bin/../lib/gcc/powerpc-eabi/4.6.3/crtbegin.o
 .rela.text.GX_SetTevSwapMode
                0x00000000        0x0 c:/devkitpro/devkitppc/bin/../lib/gcc/powerpc-eabi/4.6.3/crtbegin.o
 .rela.text.GX_SetTevSwapModeTable
                0x00000000        0x0 c:/devkitpro/devkitppc/bin/../lib/gcc/powerpc-eabi/4.6.3/crtbegin.o
 .rela.text.GX_SetNumIndStages
                0x00000000        0x0 c:/devkitpro/devkitppc/bin/../lib/gcc/powerpc-eabi/4.6.3/crtbegin.o
 .rela.text.GX_SetIndTexCoordScale
                0x00000000        0x0 c:/devkitpro/devkitppc/bin/../lib/gcc/powerpc-eabi/4.6.3/crtbegin.o
 .rela.text.GX_SetColorUpdate
                0x00000000        0x0 c:/devkitpro/devkitppc/bin/../lib/gcc/powerpc-eabi/4.6.3/crtbegin.o
 .rela.text.GX_SetAlphaUpdate
                0x00000000        0x0 c:/devkitpro/devkitppc/bin/../lib/gcc/powerpc-eabi/4.6.3/crtbegin.o
 .rela.text.GX_SetZCompLoc
                0x00000000        0x0 c:/devkitpro/devkitppc/bin/../lib/gcc/powerpc-eabi/4.6.3/crtbegin.o
 .rela.text.GX_SetPixelFmt
                0x00000000        0x0 c:/devkitpro/devkitppc/bin/../lib/gcc/powerpc-eabi/4.6.3/crtbegin.o
 .rela.text.GX_SetDither
                0x00000000        0x0 c:/devkitpro/devkitppc/bin/../lib/gcc/powerpc-eabi/4.6.3/crtbegin.o
 .rela.text.GX_SetDstAlpha
                0x00000000        0x0 c:/devkitpro/devkitppc/bin/../lib/gcc/powerpc-eabi/4.6.3/crtbegin.o
 .rela.text.GX_SetFieldMode
                0x00000000        0x0 c:/devkitpro/devkitppc/bin/../lib/gcc/powerpc-eabi/4.6.3/crtbegin.o
 .rela.text.GX_SetIndTexOrder
                0x00000000        0x0 c:/devkitpro/devkitppc/bin/../lib/gcc/powerpc-eabi/4.6.3/crtbegin.o
 .rela.text.GX_SetGPMetric
                0x00000000        0x0 c:/devkitpro/devkitppc/bin/../lib/gcc/powerpc-eabi/4.6.3/crtbegin.o
 .rela.text.GX_Init
                0x00000000        0x0 c:/devkitpro/devkitppc/bin/../lib/gcc/powerpc-eabi/4.6.3/crtbegin.o
 .rela.text.GX_ReadGPMetric
                0x00000000        0x0 c:/devkitpro/devkitppc/bin/../lib/gcc/powerpc-eabi/4.6.3/crtbegin.o
 .rela.text.c_decrementer_handler
                0x00000000        0x0 c:/devkitpro/devkitppc/bin/../lib/gcc/powerpc-eabi/4.6.3/crtbegin.o
 .rela.text.__lwp_mqbox_free
                0x00000000        0x0 c:/devkitpro/devkitppc/bin/../lib/gcc/powerpc-eabi/4.6.3/crtbegin.o
 .rela.text.__lwp_mqbox_open
                0x00000000        0x0 c:/devkitpro/devkitppc/bin/../lib/gcc/powerpc-eabi/4.6.3/crtbegin.o
 .rela.text.__lwp_mqbox_init
                0x00000000        0x0 c:/devkitpro/devkitppc/bin/../lib/gcc/powerpc-eabi/4.6.3/crtbegin.o
 .rela.text.MQ_Init
                0x00000000        0x0 c:/devkitpro/devkitppc/bin/../lib/gcc/powerpc-eabi/4.6.3/crtbegin.o
 .rela.text.__ios_ioctlvformat_parse
                0x00000000        0x0 c:/devkitpro/devkitppc/bin/../lib/gcc/powerpc-eabi/4.6.3/crtbegin.o
 .rela.text.__ioctlvfmtCB
                0x00000000        0x0 c:/devkitpro/devkitppc/bin/../lib/gcc/powerpc-eabi/4.6.3/crtbegin.o
 .rela.text.IOS_IoctlvFormat
                0x00000000        0x0 c:/devkitpro/devkitppc/bin/../lib/gcc/powerpc-eabi/4.6.3/crtbegin.o
 .rela.text.IOS_IoctlvFormatAsync
                0x00000000        0x0 c:/devkitpro/devkitppc/bin/../lib/gcc/powerpc-eabi/4.6.3/crtbegin.o
 .rela.text.nanosleep
                0x00000000        0x0 c:/devkitpro/devkitppc/bin/../lib/gcc/powerpc-eabi/4.6.3/crtbegin.o
 .rela.text.__libc_delete_hook
                0x00000000        0x0 c:/devkitpro/devkitppc/bin/../lib/gcc/powerpc-eabi/4.6.3/crtbegin.o
 .rela.text.__libc_init
                0x00000000        0x0 c:/devkitpro/devkitppc/bin/../lib/gcc/powerpc-eabi/4.6.3/crtbegin.o
 .rela.text.__libc_wrapup
                0x00000000        0x0 c:/devkitpro/devkitppc/bin/../lib/gcc/powerpc-eabi/4.6.3/crtbegin.o
 .rela.text.__CheckARGV
                0x00000000        0x0 c:/devkitpro/devkitppc/bin/../lib/gcc/powerpc-eabi/4.6.3/crtbegin.o
 .rela.text.__lwp_priority_init
                0x00000000        0x0 c:/devkitpro/devkitppc/bin/../lib/gcc/powerpc-eabi/4.6.3/crtbegin.o
 .rela.text.__lwp_wd_remove_ticks
                0x00000000        0x0 c:/devkitpro/devkitppc/bin/../lib/gcc/powerpc-eabi/4.6.3/crtbegin.o
 .rela.text.__lwp_threadqueue_enqueue
                0x00000000        0x0 c:/devkitpro/devkitppc/bin/../lib/gcc/powerpc-eabi/4.6.3/crtbegin.o
 .rela.text.__lwpmq_initialize
                0x00000000        0x0 c:/devkitpro/devkitppc/bin/../lib/gcc/powerpc-eabi/4.6.3/crtbegin.o
 .rela.text.__lwpmq_close
                0x00000000        0x0 c:/devkitpro/devkitppc/bin/../lib/gcc/powerpc-eabi/4.6.3/crtbegin.o
 .rela.text.__systemcall_init
                0x00000000        0x0 c:/devkitpro/devkitppc/bin/../lib/gcc/powerpc-eabi/4.6.3/crtbegin.o
 .rela.text.__exception_init
                0x00000000        0x0 c:/devkitpro/devkitppc/bin/../lib/gcc/powerpc-eabi/4.6.3/crtbegin.o
 .rela.text.__exception_close
                0x00000000        0x0 c:/devkitpro/devkitppc/bin/../lib/gcc/powerpc-eabi/4.6.3/crtbegin.o
 .rela.text.__exception_sethandler
                0x00000000        0x0 c:/devkitpro/devkitppc/bin/../lib/gcc/powerpc-eabi/4.6.3/crtbegin.o
 .rela.text.__lwp_sema_open
                0x00000000        0x0 c:/devkitpro/devkitppc/bin/../lib/gcc/powerpc-eabi/4.6.3/crtbegin.o
 .rela.text.__lwp_sema_init
                0x00000000        0x0 c:/devkitpro/devkitppc/bin/../lib/gcc/powerpc-eabi/4.6.3/crtbegin.o
 .rela.text.LWP_SemInit
                0x00000000        0x0 c:/devkitpro/devkitppc/bin/../lib/gcc/powerpc-eabi/4.6.3/crtbegin.o
 .rela.text.LWP_SemDestroy
                0x00000000        0x0 c:/devkitpro/devkitppc/bin/../lib/gcc/powerpc-eabi/4.6.3/crtbegin.o
 .rela.text.kprintf
                0x00000000        0x0 c:/devkitpro/devkitppc/bin/../lib/gcc/powerpc-eabi/4.6.3/crtbegin.o
 .rela.text.__card_readcid
                0x00000000        0x0 c:/devkitpro/devkitppc/bin/../lib/gcc/powerpc-eabi/4.6.3/crtbegin.o
 .rela.text.__card_readcsd
                0x00000000        0x0 c:/devkitpro/devkitppc/bin/../lib/gcc/powerpc-eabi/4.6.3/crtbegin.o
 .rela.text.__card_sd_status
                0x00000000        0x0 c:/devkitpro/devkitppc/bin/../lib/gcc/powerpc-eabi/4.6.3/crtbegin.o
 .rela.text.sdgecko_initIO
                0x00000000        0x0 c:/devkitpro/devkitppc/bin/../lib/gcc/powerpc-eabi/4.6.3/crtbegin.o
 .rela.text.__console_init
                0x00000000        0x0 c:/devkitpro/devkitppc/bin/../lib/gcc/powerpc-eabi/4.6.3/crtbegin.o
 .rela.text.__console_init_ex
                0x00000000        0x0 c:/devkitpro/devkitppc/bin/../lib/gcc/powerpc-eabi/4.6.3/crtbegin.o
 .rela.text.CON_EnableGecko
                0x00000000        0x0 c:/devkitpro/devkitppc/bin/../lib/gcc/powerpc-eabi/4.6.3/crtbegin.o
 .rela.text.atangent
                0x00000000        0x0 c:/devkitpro/devkitppc/bin/../lib/gcc/powerpc-eabi/4.6.3/crtbegin.o
 .rela.text.atangentf
                0x00000000        0x0 c:/devkitpro/devkitppc/bin/../lib/gcc/powerpc-eabi/4.6.3/crtbegin.o
 .rela.text.sinef
                0x00000000        0x0 c:/devkitpro/devkitppc/bin/../lib/gcc/powerpc-eabi/4.6.3/crtbegin.o
 .rela.text.sqrtf
                0x00000000        0x0 c:/devkitpro/devkitppc/bin/../lib/gcc/powerpc-eabi/4.6.3/crtbegin.o
 .rela.text.tanf
                0x00000000        0x0 c:/devkitpro/devkitppc/bin/../lib/gcc/powerpc-eabi/4.6.3/crtbegin.o
 .rela.text.calloc
                0x00000000        0x0 c:/devkitpro/devkitppc/bin/../lib/gcc/powerpc-eabi/4.6.3/crtbegin.o
 .rela.text.__errno
                0x00000000        0x0 c:/devkitpro/devkitppc/bin/../lib/gcc/powerpc-eabi/4.6.3/crtbegin.o
 .rela.text.exit
                0x00000000        0x0 c:/devkitpro/devkitppc/bin/../lib/gcc/powerpc-eabi/4.6.3/crtbegin.o
 .rela.text.fclose
                0x00000000        0x0 c:/devkitpro/devkitppc/bin/../lib/gcc/powerpc-eabi/4.6.3/crtbegin.o
 .rela.text.fflush
                0x00000000        0x0 c:/devkitpro/devkitppc/bin/../lib/gcc/powerpc-eabi/4.6.3/crtbegin.o
 .rela.text.std.isra.0
                0x00000000        0x0 c:/devkitpro/devkitppc/bin/../lib/gcc/powerpc-eabi/4.6.3/crtbegin.o
 .rela.text._cleanup
                0x00000000        0x0 c:/devkitpro/devkitppc/bin/../lib/gcc/powerpc-eabi/4.6.3/crtbegin.o
 .rela.text.__sfp
                0x00000000        0x0 c:/devkitpro/devkitppc/bin/../lib/gcc/powerpc-eabi/4.6.3/crtbegin.o
 .rela.text.__fp_lock_all
                0x00000000        0x0 c:/devkitpro/devkitppc/bin/../lib/gcc/powerpc-eabi/4.6.3/crtbegin.o
 .rela.text.__fp_unlock_all
                0x00000000        0x0 c:/devkitpro/devkitppc/bin/../lib/gcc/powerpc-eabi/4.6.3/crtbegin.o
 .rela.text._fopen_r
                0x00000000        0x0 c:/devkitpro/devkitppc/bin/../lib/gcc/powerpc-eabi/4.6.3/crtbegin.o
 .rela.text.fopen
                0x00000000        0x0 c:/devkitpro/devkitppc/bin/../lib/gcc/powerpc-eabi/4.6.3/crtbegin.o
 .rela.text.fprintf
                0x00000000        0x0 c:/devkitpro/devkitppc/bin/../lib/gcc/powerpc-eabi/4.6.3/crtbegin.o
 .rela.text.fputc
                0x00000000        0x0 c:/devkitpro/devkitppc/bin/../lib/gcc/powerpc-eabi/4.6.3/crtbegin.o
 .rela.text.fputs
                0x00000000        0x0 c:/devkitpro/devkitppc/bin/../lib/gcc/powerpc-eabi/4.6.3/crtbegin.o
 .rela.text.fread
                0x00000000        0x0 c:/devkitpro/devkitppc/bin/../lib/gcc/powerpc-eabi/4.6.3/crtbegin.o
 .rela.text._malloc_trim_r
                0x00000000        0x0 c:/devkitpro/devkitppc/bin/../lib/gcc/powerpc-eabi/4.6.3/crtbegin.o
 .rela.text._free_r
                0x00000000        0x0 c:/devkitpro/devkitppc/bin/../lib/gcc/powerpc-eabi/4.6.3/crtbegin.o
 .rela.text._fseek_r
                0x00000000        0x0 c:/devkitpro/devkitppc/bin/../lib/gcc/powerpc-eabi/4.6.3/crtbegin.o
 .rela.text.fseek
                0x00000000        0x0 c:/devkitpro/devkitppc/bin/../lib/gcc/powerpc-eabi/4.6.3/crtbegin.o
 .rela.text.ftell
                0x00000000        0x0 c:/devkitpro/devkitppc/bin/../lib/gcc/powerpc-eabi/4.6.3/crtbegin.o
 .rela.text.fwrite
                0x00000000        0x0 c:/devkitpro/devkitppc/bin/../lib/gcc/powerpc-eabi/4.6.3/crtbegin.o
 .rela.text._findenv
                0x00000000        0x0 c:/devkitpro/devkitppc/bin/../lib/gcc/powerpc-eabi/4.6.3/crtbegin.o
 .rela.text.getenv
                0x00000000        0x0 c:/devkitpro/devkitppc/bin/../lib/gcc/powerpc-eabi/4.6.3/crtbegin.o
 .rela.text._findenv_r
                0x00000000        0x0 c:/devkitpro/devkitppc/bin/../lib/gcc/powerpc-eabi/4.6.3/crtbegin.o
 .rela.text.gmtime
                0x00000000        0x0 c:/devkitpro/devkitppc/bin/../lib/gcc/powerpc-eabi/4.6.3/crtbegin.o
 .rela.text.loadlocale
                0x00000000        0x0 c:/devkitpro/devkitppc/bin/../lib/gcc/powerpc-eabi/4.6.3/crtbegin.o
 .rela.text.__smakebuf_r
                0x00000000        0x0 c:/devkitpro/devkitppc/bin/../lib/gcc/powerpc-eabi/4.6.3/crtbegin.o
 .rela.text._mbrtowc_r
                0x00000000        0x0 c:/devkitpro/devkitppc/bin/../lib/gcc/powerpc-eabi/4.6.3/crtbegin.o
 .rela.text.mbrtowc
                0x00000000        0x0 c:/devkitpro/devkitppc/bin/../lib/gcc/powerpc-eabi/4.6.3/crtbegin.o
 .rela.text._mbstowcs_r
                0x00000000        0x0 c:/devkitpro/devkitppc/bin/../lib/gcc/powerpc-eabi/4.6.3/crtbegin.o
 .rela.text.mktime
                0x00000000        0x0 c:/devkitpro/devkitppc/bin/../lib/gcc/powerpc-eabi/4.6.3/crtbegin.o
 .rela.text._mktm_r
                0x00000000        0x0 c:/devkitpro/devkitppc/bin/../lib/gcc/powerpc-eabi/4.6.3/crtbegin.o
 .rela.text.sscanf
                0x00000000        0x0 c:/devkitpro/devkitppc/bin/../lib/gcc/powerpc-eabi/4.6.3/crtbegin.o
 .rela.text._sscanf_r
                0x00000000        0x0 c:/devkitpro/devkitppc/bin/../lib/gcc/powerpc-eabi/4.6.3/crtbegin.o
 .rela.text._strtod_r
                0x00000000        0x0 c:/devkitpro/devkitppc/bin/../lib/gcc/powerpc-eabi/4.6.3/crtbegin.o
 .rela.text._wcrtomb_r
                0x00000000        0x0 c:/devkitpro/devkitppc/bin/../lib/gcc/powerpc-eabi/4.6.3/crtbegin.o
 .rela.text.wcrtomb
                0x00000000        0x0 c:/devkitpro/devkitppc/bin/../lib/gcc/powerpc-eabi/4.6.3/crtbegin.o
 .rela.text.wctob
                0x00000000        0x0 c:/devkitpro/devkitppc/bin/../lib/gcc/powerpc-eabi/4.6.3/crtbegin.o
 .rela.text._dtoa_r
                0x00000000        0x0 c:/devkitpro/devkitppc/bin/../lib/gcc/powerpc-eabi/4.6.3/crtbegin.o
 .rela.text.__hexdig_init
                0x00000000        0x0 c:/devkitpro/devkitppc/bin/../lib/gcc/powerpc-eabi/4.6.3/crtbegin.o
 .rela.text.__gethex
                0x00000000        0x0 c:/devkitpro/devkitppc/bin/../lib/gcc/powerpc-eabi/4.6.3/crtbegin.o
 .rela.text.__hexnan
                0x00000000        0x0 c:/devkitpro/devkitppc/bin/../lib/gcc/powerpc-eabi/4.6.3/crtbegin.o

.rel.fini
 *(.rel.fini)

.rela.fini
 *(.rela.fini)

.rel.rodata
 *(.rel.rodata .rel.rodata.* .rel.gnu.linkonce.r.*)

.rela.rodata    0x80004194        0x0
 *(.rela.rodata .rela.rodata.* .rela.gnu.linkonce.r.*)
 .rela.rodata.cst4
                0x00000000        0x0 c:/devkitpro/devkitppc/bin/../lib/gcc/powerpc-eabi/4.6.3/crtbegin.o
 .rela.rodata   0x00000000        0x0 c:/devkitpro/devkitppc/bin/../lib/gcc/powerpc-eabi/4.6.3/crtbegin.o
 .rela.rodata.CSWTCH.18
                0x00000000        0x0 c:/devkitpro/devkitppc/bin/../lib/gcc/powerpc-eabi/4.6.3/crtbegin.o
 .rela.rodata.dotab_fat
                0x00000000        0x0 c:/devkitpro/devkitppc/bin/../lib/gcc/powerpc-eabi/4.6.3/crtbegin.o

.rel.data
 *(.rel.data .rel.data.* .rel.gnu.linkonce.d.*)

.rela.data
 *(.rela.data .rela.data.* .rela.gnu.linkonce.d.*)

.rel.tdata
 *(.rel.tdata .rel.tdata.* .rel.gnu.linkonce.td.*)

.rela.tdata
 *(.rela.tdata .rela.tdata.* .rela.gnu.linkonce.td.*)

.rel.tbss
 *(.rel.tbss .rel.tbss.* .rel.gnu.linkonce.tb.*)

.rela.tbss
 *(.rela.tbss .rela.tbss.* .rela.gnu.linkonce.tb.*)

.rel.ctors
 *(.rel.ctors)

.rela.ctors
 *(.rela.ctors)

.rel.dtors
 *(.rel.dtors)

.rela.dtors
 *(.rela.dtors)

.rel.got
 *(.rel.got)

.rela.got
 *(.rela.got)

.rela.got1
 *(.rela.got1)

.rela.got2      0x80004194        0x0
 *(.rela.got2)
 .rela.got2     0x00000000        0x0 c:/devkitpro/devkitppc/bin/../lib/gcc/powerpc-eabi/4.6.3/crtbegin.o

.rel.sdata
 *(.rel.sdata .rel.sdata.* .rel.gnu.linkonce.s.*)

.rela.sdata
 *(.rela.sdata .rela.sdata.* .rela.gnu.linkonce.s.*)

.rel.sbss
 *(.rel.sbss .rel.sbss.* .rel.gnu.linkonce.sb.*)

.rela.sbss
 *(.rela.sbss .rela.sbss.* .rel.gnu.linkonce.sb.*)

.rel.sdata2
 *(.rel.sdata2 .rel.sdata2.* .rel.gnu.linkonce.s2.*)

.rela.sdata2
 *(.rela.sdata2 .rela.sdata2.* .rela.gnu.linkonce.s2.*)

.rel.sbss2
 *(.rel.sbss2 .rel.sbss2.* .rel.gnu.linkonce.sb2.*)

.rela.sbss2
 *(.rela.sbss2 .rela.sbss2.* .rela.gnu.linkonce.sb2.*)

.rel.bss
 *(.rel.bss .rel.bss.* .rel.gnu.linkonce.b.*)

.rela.bss
 *(.rela.bss .rela.bss.* .rela.gnu.linkonce.b.*)

.rel.plt
 *(.rel.plt)

.rela.plt
 *(.rela.plt)

.text           0x800041a0   0x101b40
 *(.text)
 .text          0x800041a0      0x168 c:/devkitpro/devkitppc/bin/../lib/gcc/powerpc-eabi/4.6.3/crtbegin.o
 .text          0x80004308       0x44 c:/devkitpro/devkitppc/bin/../lib/gcc/powerpc-eabi/4.6.3/../../../../powerpc-eabi/lib/crtmain.o
                0x8000430c                __crtmain
 .text          0x8000434c      0x170 c:/devkitpro/devkitppc/bin/../lib/gcc/powerpc-eabi/4.6.3/../../../../powerpc-eabi/lib\libfreetype.a(ftinit.o)
                0x8000434c                FT_Add_Default_Modules
                0x800043c8                FT_Init_FreeType
                0x80004458                FT_Done_FreeType
 .text          0x800044bc    0x1320c c:/devkitpro/devkitppc/bin/../lib/gcc/powerpc-eabi/4.6.3/../../../../powerpc-eabi/lib\libfreetype.a(ftbase.o)
                0x800045ec                FT_Get_Advance
                0x80004730                FT_Get_Advances
                0x80004998                FT_RoundFix
                0x800049f8                FT_CeilFix
                0x80004a58                FT_FloorFix
                0x80004aa4                FT_Sqrt32
                0x80004e0c                FT_MulDiv
                0x80004fe8                FT_MulDiv_No_Round
                0x80005174                FT_MulFix
                0x800052c4                FT_DivFix
                0x80005414                FT_Matrix_Multiply
                0x80005610                FT_Matrix_Invert
                0x80005780                FT_Matrix_Multiply_Scaled
                0x800059ac                FT_Vector_Transform_Scaled
                0x80005af8                FT_SqrtFixed
                0x80005bd0                ft_corner_orientation
                0x80005d94                ft_corner_is_flat
                0x80005eec                FT_GlyphLoader_New
                0x80005f74                FT_GlyphLoader_Rewind
                0x80006010                FT_GlyphLoader_Reset
                0x80006160                FT_GlyphLoader_Done
                0x80006304                FT_GlyphLoader_CreateExtra
                0x80006444                FT_GlyphLoader_CheckPoints
                0x800067e0                FT_GlyphLoader_CheckSubGlyphs
                0x80006914                FT_GlyphLoader_Prepare
                0x80006990                FT_GlyphLoader_Add
                0x80006b40                FT_GlyphLoader_CopyPoints
                0x80006d30                ft_service_list_lookup
                0x80006df0                ft_validator_init
                0x80006e5c                ft_validator_run
                0x80006e84                ft_validator_error
                0x80006ec8                FT_Stream_New
                0x800070c8                FT_Stream_Free
                0x8000728c                ft_glyphslot_free_bitmap
                0x8000736c                ft_glyphslot_set_bitmap
                0x800073b8                ft_glyphslot_alloc_bitmap
                0x800077b8                FT_New_GlyphSlot
                0x8000792c                FT_Done_GlyphSlot
                0x80007a4c                FT_Set_Transform
                0x80007ed8                FT_Load_Glyph
                0x80008634                FT_Load_Char
                0x80009110                FT_New_Face
                0x80009198                FT_New_Memory_Face
                0x8000aa1c                FT_Open_Face
                0x8000b220                FT_Attach_File
                0x8000b298                FT_Attach_Stream
                0x8000b3e0                FT_Reference_Face
                0x8000b428                FT_Done_Face
                0x8000b554                FT_New_Size
                0x8000b740                FT_Done_Size
                0x8000b8b0                FT_Match_Size
                0x8000bb34                ft_synthesize_vertical_metrics
                0x8000bda4                FT_Select_Metrics
                0x8000bf6c                FT_Request_Metrics
                0x8000c51c                FT_Select_Size
                0x8000c61c                FT_Request_Size
                0x8000c798                FT_Set_Char_Size
                0x8000c8b4                FT_Set_Pixel_Sizes
                0x8000c9c8                FT_Get_Kerning
                0x8000cc60                FT_Get_Track_Kerning
                0x8000cd78                FT_Select_Charmap
                0x8000cec0                FT_Set_Charmap
                0x8000cfe4                FT_Get_Charmap_Index
                0x8000d160                FT_CMap_Done
                0x8000d3bc                FT_CMap_New
                0x8000d5f0                FT_Get_Char_Index
                0x8000d68c                FT_Get_First_Char
                0x8000d77c                FT_Get_Next_Char
                0x8000d898                FT_Face_GetCharVariantIndex
                0x8000d984                FT_Face_GetCharVariantIsDefault
                0x8000da28                FT_Face_GetVariantSelectors
                0x8000dacc                FT_Face_GetVariantsOfChar
                0x8000db78                FT_Face_GetCharsOfVariant
                0x8000dc24                FT_Get_Name_Index
                0x8000dda4                FT_Get_Glyph_Name
                0x8000df74                FT_Get_Postscript_Name
                0x8000e0e8                FT_Get_Sfnt_Table
                0x8000e1e4                FT_Load_Sfnt_Table
                0x8000e2fc                FT_Sfnt_Table_Info
                0x8000e414                FT_Get_CMap_Language_ID
                0x8000e534                FT_Get_CMap_Format
                0x8000e654                FT_Activate_Size
                0x8000e6d8                FT_Lookup_Renderer
                0x8000ebe4                FT_Get_Renderer
                0x8000ec30                FT_Set_Renderer
                0x8000ed9c                FT_Render_Glyph_Internal
                0x8000ef40                FT_Render_Glyph
                0x8000f128                FT_Add_Module
                0x8000f5ac                FT_Get_Module
                0x8000f6a0                FT_Get_Module_Interface
                0x8000f710                ft_module_get_service
                0x8000f890                FT_Remove_Module
                0x8000f9cc                FT_Reference_Library
                0x8000fa10                FT_New_Library
                0x8000fb54                FT_Library_Version
                0x8000fc28                FT_Done_Library
                0x8000fef0                FT_Set_Debug_Hook
                0x8000ff60                FT_Get_TrueType_Engine_Type
                0x8000fffc                ft_stub_set_char_sizes
                0x80010114                ft_stub_set_pixel_sizes
                0x800101e8                FT_Get_SubGlyph_Info
                0x80010340                FT_Outline_Decompose
                0x80010b04                FT_Outline_New_Internal
                0x80010cd8                FT_Outline_New
                0x80010d50                FT_Outline_Check
                0x80010e8c                FT_Outline_Copy
                0x80011068                FT_Outline_Done_Internal
                0x80011198                FT_Outline_Done
                0x80011200                FT_Outline_Get_CBox
                0x800113c4                FT_Outline_Translate
                0x80011494                FT_Outline_Reverse
                0x800116a4                FT_Outline_Render
                0x8001180c                FT_Outline_Get_Bitmap
                0x800118d8                FT_Vector_Transform
                0x80011a04                FT_Outline_Transform
                0x80011ab4                FT_Outline_Embolden
                0x80011e6c                FT_Outline_Get_Orientation
                0x800125b0                FT_Raccess_Get_HeaderInfo
                0x800129b8                FT_Raccess_Get_DataOffsets
                0x80012dd4                FT_Raccess_Guess
                0x80013aa0                FT_Get_Sfnt_Name_Count
                0x80013b00                FT_Get_Sfnt_Name
                0x80013dac                FT_Stream_OpenMemory
                0x80013e34                FT_Stream_Close
                0x80013e9c                FT_Stream_Seek
                0x80013f6c                FT_Stream_Skip
                0x80013fdc                FT_Stream_Pos
                0x8001400c                FT_Stream_Read
                0x8001406c                FT_Stream_ReadAt
                0x800141ac                FT_Stream_TryRead
                0x800142f8                FT_Stream_ExtractFrame
                0x8001438c                FT_Stream_ReleaseFrame
                0x80014428                FT_Stream_EnterFrame
                0x80014680                FT_Stream_ExitFrame
                0x8001471c                FT_Stream_GetChar
                0x8001479c                FT_Stream_GetShort
                0x80014854                FT_Stream_GetShortLE
                0x8001490c                FT_Stream_GetOffset
                0x800149d4                FT_Stream_GetLong
                0x80014ab8                FT_Stream_GetLongLE
                0x80014b9c                FT_Stream_ReadChar
                0x80014cd0                FT_Stream_ReadShort
                0x80014e64                FT_Stream_ReadShortLE
                0x80014ff8                FT_Stream_ReadOffset
                0x8001519c                FT_Stream_ReadLong
                0x8001535c                FT_Stream_ReadLongLE
                0x8001551c                FT_Stream_ReadFields
                0x800162d4                FT_Cos
                0x80016338                FT_Sin
                0x80016384                FT_Tan
                0x800163f4                FT_Atan2
                0x80016478                FT_Vector_Unit
                0x80016514                FT_Vector_Rotate
                0x8001668c                FT_Vector_Length
                0x80016788                FT_Vector_Polarize
                0x8001686c                FT_Vector_From_Polar
                0x800168d0                FT_Angle_Diff
                0x8001698c                ft_mem_alloc
                0x80016a24                ft_mem_qalloc
                0x80016adc                ft_mem_realloc
                0x80016bb8                ft_mem_qrealloc
                0x80016d40                ft_mem_free
                0x80016d9c                ft_mem_dup
                0x80016e48                ft_mem_strdup
                0x80016ec4                ft_mem_strcpyn
                0x80016f80                FT_List_Find
                0x80016ffc                FT_List_Add
                0x80017090                FT_List_Insert
                0x80017124                FT_List_Remove
                0x800171c8                FT_List_Up
                0x800172b0                FT_List_Iterate
                0x8001735c                FT_List_Finalize
                0x80017438                ft_highpow2
                0x80017490                FT_Alloc
                0x800174f4                FT_QAlloc
                0x80017558                FT_Realloc
                0x800175d8                FT_QRealloc
                0x80017658                FT_Free
 .text          0x800176c8    0x171d4 c:/devkitpro/devkitppc/bin/../lib/gcc/powerpc-eabi/4.6.3/../../../../powerpc-eabi/lib\libfreetype.a(truetype.o)
                0x8002077c                TT_New_Context
                0x80029564                TT_RunIns
 .text          0x8002e89c     0xa390 c:/devkitpro/devkitppc/bin/../lib/gcc/powerpc-eabi/4.6.3/../../../../powerpc-eabi/lib\libfreetype.a(type1.o)
 .text          0x80038c2c     0xdd8c c:/devkitpro/devkitppc/bin/../lib/gcc/powerpc-eabi/4.6.3/../../../../powerpc-eabi/lib\libfreetype.a(cff.o)
 .text          0x800469b8     0x3d60 c:/devkitpro/devkitppc/bin/../lib/gcc/powerpc-eabi/4.6.3/../../../../powerpc-eabi/lib\libfreetype.a(type1cid.o)
 .text          0x8004a718     0x81b0 c:/devkitpro/devkitppc/bin/../lib/gcc/powerpc-eabi/4.6.3/../../../../powerpc-eabi/lib\libfreetype.a(pfr.o)
 .text          0x800528c8     0x4464 c:/devkitpro/devkitppc/bin/../lib/gcc/powerpc-eabi/4.6.3/../../../../powerpc-eabi/lib\libfreetype.a(type42.o)
 .text          0x80056d2c     0x20e8 c:/devkitpro/devkitppc/bin/../lib/gcc/powerpc-eabi/4.6.3/../../../../powerpc-eabi/lib\libfreetype.a(winfnt.o)
 .text          0x80058e14     0x3fd4 c:/devkitpro/devkitppc/bin/../lib/gcc/powerpc-eabi/4.6.3/../../../../powerpc-eabi/lib\libfreetype.a(pcf.o)
 .text          0x8005cde8     0x80b0 c:/devkitpro/devkitppc/bin/../lib/gcc/powerpc-eabi/4.6.3/../../../../powerpc-eabi/lib\libfreetype.a(bdf.o)
 .text          0x80064e98    0x12990 c:/devkitpro/devkitppc/bin/../lib/gcc/powerpc-eabi/4.6.3/../../../../powerpc-eabi/lib\libfreetype.a(sfnt.o)
 .text          0x80077828     0xbae8 c:/devkitpro/devkitppc/bin/../lib/gcc/powerpc-eabi/4.6.3/../../../../powerpc-eabi/lib\libfreetype.a(autofit.o)
                0x8007884c                af_glyph_hints_dump_points
                0x8007886c                af_glyph_hints_dump_segments
                0x8007888c                af_glyph_hints_dump_edges
 .text          0x80083310     0x7f60 c:/devkitpro/devkitppc/bin/../lib/gcc/powerpc-eabi/4.6.3/../../../../powerpc-eabi/lib\libfreetype.a(pshinter.o)
                0x8008ad50                ps_hints_apply
 .text          0x8008b270     0x61b8 c:/devkitpro/devkitppc/bin/../lib/gcc/powerpc-eabi/4.6.3/../../../../powerpc-eabi/lib\libfreetype.a(raster.o)
 .text          0x80091428     0x4250 c:/devkitpro/devkitppc/bin/../lib/gcc/powerpc-eabi/4.6.3/../../../../powerpc-eabi/lib\libfreetype.a(smooth.o)
 .text          0x80095678     0x71c0 c:/devkitpro/devkitppc/bin/../lib/gcc/powerpc-eabi/4.6.3/../../../../powerpc-eabi/lib\libfreetype.a(ftgzip.o)
                0x8009c5a0                FT_Stream_OpenGzip
 .text          0x8009c838     0x195c c:/devkitpro/devkitppc/bin/../lib/gcc/powerpc-eabi/4.6.3/../../../../powerpc-eabi/lib\libfreetype.a(ftlzw.o)
                0x8009d05c                FT_Stream_OpenLZW
                0x8009d858                ft_lzwstate_reset
                0x8009d8f8                ft_lzwstate_init
                0x8009d9cc                ft_lzwstate_done
                0x8009daac                ft_lzwstate_io
 .text          0x8009e194     0x83cc c:/devkitpro/devkitppc/bin/../lib/gcc/powerpc-eabi/4.6.3/../../../../powerpc-eabi/lib\libfreetype.a(psaux.o)
 .text          0x800a6560     0x10fc c:/devkitpro/devkitppc/bin/../lib/gcc/powerpc-eabi/4.6.3/../../../../powerpc-eabi/lib\libfreetype.a(psnames.o)
 .text          0x800a765c      0x3fc c:/devkitpro/devkitppc/bin/../lib/gcc/powerpc-eabi/4.6.3/../../../../powerpc-eabi/lib\libfreetype.a(ftsystem.o)
                0x800a7870                FT_Stream_Open
                0x800a7984                FT_New_Memory
                0x800a7a20                FT_Done_Memory
 *fill*         0x800a7a58        0x8 00000000
 .text          0x800a7a60      0x44c c:/devkitPro/libogc/lib/wii\libogc.a(lwp_handler.o)
                0x800a7a60                _cpu_context_save_fp
                0x800a7ba0                _cpu_context_restore_fp
                0x800a7ce0                _cpu_context_switch
                0x800a7dc0                _cpu_context_save
                0x800a7e40                _cpu_context_restore
 .text          0x800a7eac      0x4f4 c:/devkitPro/libogc/lib/wii\libogc.a(cache_asm.o)
                0x800a7eac                DCFlashInvalidate
                0x800a7ec0                DCEnable
                0x800a7ed4                DCDisable
                0x800a7ee8                DCFreeze
                0x800a7efc                DCUnfreeze
                0x800a7f10                DCTouchLoad
                0x800a7f18                DCBlockZero
                0x800a7f20                DCBlockStore
                0x800a7f28                DCBlockFlush
                0x800a7f30                DCBlockInvalidate
                0x800a7f38                DCInvalidateRange
                0x800a7f68                DCFlushRange
                0x800a7f9c                DCStoreRange
                0x800a7fd0                DCFlushRangeNoSync
                0x800a8000                DCStoreRangeNoSync
                0x800a8030                DCZeroRange
                0x800a8060                DCTouchRange
                0x800a8090                ICInvalidateRange
                0x800a80c8                ICFlashInvalidate
                0x800a80dc                ICEnable
                0x800a80f0                ICDisable
                0x800a8104                ICFreeze
                0x800a8118                ICUnfreeze
                0x800a812c                ICBlockInvalidate
                0x800a8134                ICSync
                0x800a813c                L2Init
                0x800a8184                L2Enable
                0x800a81a0                L2Disable
                0x800a81b8                L2GlobalInvalidate
                0x800a8210                __LCEnable
                0x800a82dc                LCDisable
                0x800a8304                LCAllocOneTag
                0x800a8318                LCAllocTags
                0x800a8358                LCLoadBlocks
                0x800a837c                LCStoreBlocks
 .text          0x800a83a0      0x4a0 c:/devkitPro/libogc/lib/wii\libogc.a(system_asm.o)
                0x800a83a0                __realmode
                0x800a83b8                __configBATS
                0x800a84e8                __InitFPRS
                0x800a8614                __InitPS
                0x800a8670                __InitCache
                0x800a86c8                __InitSystem
                0x800a8750                __flush_cache
                0x800a8784                __reset
                0x800a87f4                __InitBATS
                0x800a8810                SYS_SwitchFiber
 .text          0x800a8840      0x8dc c:/devkitPro/libogc/lib/wii\libogc.a(gu_psasm.o)
                0x800a8840                ps_guMtxConcat
                0x800a8904                ps_guMtxIdentity
                0x800a8930                ps_guMtxCopy
                0x800a8964                ps_guMtxTranspose
                0x800a89b4                ps_guMtxInverse
                0x800a8aac                ps_guMtxInvXpose
                0x800a8b74                ps_guMtxScale
                0x800a8b9c                ps_guMtxScaleApply
                0x800a8bf4                ps_guMtxApplyScale
                0x800a8c58                ps_guMtxTrans
                0x800a8c8c                ps_guMtxTransApply
                0x800a8cd8                ps_guMtxApplyTrans
                0x800a8d54                ps_guMtxRotTrig
                0x800a8e04                __ps_guMtxRotAxisRadInternal
                0x800a8ec4                ps_guMtxReflect
                0x800a8f34                ps_guVecAdd
                0x800a8f58                ps_guVecSub
                0x800a8f7c                ps_guVecScale
                0x800a8f98                ps_guVecNormalize
                0x800a8fdc                ps_guVecCross
                0x800a9018                ps_guVecDotProduct
                0x800a9038                ps_guVecMultiply
                0x800a908c                ps_guVecMultiplySR
                0x800a90fc                ps_guQuatDotProduct
 .text          0x800a911c      0x1ac c:/devkitPro/libogc/lib/wii\libogc.a(irq_handler.o)
                0x800a911c                irq_exceptionhandler
 .text          0x800a92c8      0x1ac c:/devkitPro/libogc/lib/wii\libogc.a(decrementer_handler.o)
                0x800a92c8                dec_exceptionhandler
 .text          0x800a9474      0x35c c:/devkitPro/libogc/lib/wii\libogc.a(exception_handler.o)
                0x800a9474                exceptionhandler_start
                0x800a94f0                exceptionhandler_patch
                0x800a9524                exceptionhandler_end
                0x800a9528                default_exceptionhandler
                0x800a9658                fpu_exceptionhandler
                0x800a97a0                systemcallhandler_start
                0x800a97cc                systemcallhandler_end
 .text          0x800a97d0       0x40 c:/devkitpro/devkitppc/bin/../lib/gcc/powerpc-eabi/4.6.3\libgcc.a(_ashldi3.o)
                0x800a97d0                __ashldi3
 .text          0x800a9810      0x448 c:/devkitpro/devkitppc/bin/../lib/gcc/powerpc-eabi/4.6.3\libgcc.a(_divdi3.o)
                0x800a9810                __divdi3
 .text          0x800a9c58      0x400 c:/devkitpro/devkitppc/bin/../lib/gcc/powerpc-eabi/4.6.3\libgcc.a(_udivdi3.o)
                0x800a9c58                __udivdi3
 .text          0x800aa058      0x3d4 c:/devkitpro/devkitppc/bin/../lib/gcc/powerpc-eabi/4.6.3\libgcc.a(_umoddi3.o)
                0x800aa058                __umoddi3
 .text          0x800aa42c       0x48 c:/devkitpro/devkitppc/bin/../lib/gcc/powerpc-eabi/4.6.3\libgcc.a(eabi.o)
                0x800aa42c                __eabi
 .text          0x800aa474       0x4c c:/devkitpro/devkitppc/bin/../lib/gcc/powerpc-eabi/4.6.3\libgcc.a(crtsavfpr.o)
                0x800aa474                _savefpr_14
                0x800aa478                _savefpr_15
                0x800aa47c                _savefpr_16
                0x800aa480                _savefpr_17
                0x800aa484                _savefpr_18
                0x800aa488                _savefpr_19
                0x800aa48c                _savefpr_20
                0x800aa490                _savefpr_21
                0x800aa494                _savefpr_22
                0x800aa498                _savefpr_23
                0x800aa49c                _savefpr_24
                0x800aa4a0                _savefpr_25
                0x800aa4a4                _savefpr_26
                0x800aa4a8                _savefpr_27
                0x800aa4ac                _savefpr_28
                0x800aa4b0                _savefpr_29
                0x800aa4b4                _savefpr_30
                0x800aa4b8                _savefpr_31
 .text          0x800aa4c0       0x4c c:/devkitpro/devkitppc/bin/../lib/gcc/powerpc-eabi/4.6.3\libgcc.a(crtsavgpr.o)
                0x800aa4c0                _savegpr_14
                0x800aa4c4                _savegpr_15
                0x800aa4c8                _savegpr_16
                0x800aa4cc                _savegpr_17
                0x800aa4d0                _savegpr_18
                0x800aa4d4                _savegpr_19
                0x800aa4d8                _savegpr_20
                0x800aa4dc                _savegpr_21
                0x800aa4e0                _savegpr_22
                0x800aa4e4                _savegpr_23
                0x800aa4e8                _savegpr_24
                0x800aa4ec                _savegpr_25
                0x800aa4f0                _savegpr_26
                0x800aa4f4                _savegpr_27
                0x800aa4f8                _savegpr_28
                0x800aa4fc                _savegpr_29
                0x800aa500                _savegpr_30
                0x800aa504                _savegpr_31
 .text          0x800aa50c       0x4c c:/devkitpro/devkitppc/bin/../lib/gcc/powerpc-eabi/4.6.3\libgcc.a(crtresgpr.o)
                0x800aa50c                _restgpr_14
                0x800aa510                _restgpr_15
                0x800aa514                _restgpr_16
                0x800aa518                _restgpr_17
                0x800aa51c                _restgpr_18
                0x800aa520                _restgpr_19
                0x800aa524                _restgpr_20
                0x800aa528                _restgpr_21
                0x800aa52c                _restgpr_22
                0x800aa530                _restgpr_23
                0x800aa534                _restgpr_24
                0x800aa538                _restgpr_25
                0x800aa53c                _restgpr_26
                0x800aa540                _restgpr_27
                0x800aa544                _restgpr_28
                0x800aa548                _restgpr_29
                0x800aa54c                _restgpr_30
                0x800aa550                _restgpr_31
 .text          0x800aa558       0x58 c:/devkitpro/devkitppc/bin/../lib/gcc/powerpc-eabi/4.6.3\libgcc.a(crtresxfpr.o)
                0x800aa558                _restfpr_14_x
                0x800aa55c                _restfpr_15_x
                0x800aa560                _restfpr_16_x
                0x800aa564                _restfpr_17_x
                0x800aa568                _restfpr_18_x
                0x800aa56c                _restfpr_19_x
                0x800aa570                _restfpr_20_x
                0x800aa574                _restfpr_21_x
                0x800aa578                _restfpr_22_x
                0x800aa57c                _restfpr_23_x
                0x800aa580                _restfpr_24_x
                0x800aa584                _restfpr_25_x
                0x800aa588                _restfpr_26_x
                0x800aa58c                _restfpr_27_x
                0x800aa590                _restfpr_28_x
                0x800aa594                _restfpr_29_x
                0x800aa598                _restfpr_30_x
                0x800aa59c                _restfpr_31_x
 .text          0x800aa5b0       0x58 c:/devkitpro/devkitppc/bin/../lib/gcc/powerpc-eabi/4.6.3\libgcc.a(crtresxgpr.o)
                0x800aa5b0                _restgpr_14_x
                0x800aa5b4                _restgpr_15_x
                0x800aa5b8                _restgpr_16_x
                0x800aa5bc                _restgpr_17_x
                0x800aa5c0                _restgpr_18_x
                0x800aa5c4                _restgpr_19_x
                0x800aa5c8                _restgpr_20_x
                0x800aa5cc                _restgpr_21_x
                0x800aa5d0                _restgpr_22_x
                0x800aa5d4                _restgpr_23_x
                0x800aa5d8                _restgpr_24_x
                0x800aa5dc                _restgpr_25_x
                0x800aa5e0                _restgpr_26_x
                0x800aa5e4                _restgpr_27_x
                0x800aa5e8                _restgpr_28_x
                0x800aa5ec                _restgpr_29_x
                0x800aa5f0                _restgpr_30_x
                0x800aa5f4                _restgpr_31_x
 .text          0x800aa608       0x28 c:/devkitpro/devkitppc/bin/../lib/gcc/powerpc-eabi/4.6.3/../../../../powerpc-eabi/lib\libsysbase.a(abort.o)
                0x800aa608                abort
 .text          0x800aa630      0x2ec c:/devkitpro/devkitppc/bin/../lib/gcc/powerpc-eabi/4.6.3/../../../../powerpc-eabi/lib\libsysbase.a(iosupport.o)
                0x800aa630                setDefaultDevice
                0x800aa648                FindDevice
                0x800aa76c                RemoveDevice
                0x800aa7bc                AddDevice
                0x800aa8d8                GetDeviceOpTab
 .text          0x800aa91c       0x28 c:/devkitpro/devkitppc/bin/../lib/gcc/powerpc-eabi/4.6.3/../../../../powerpc-eabi/lib\libsysbase.a(_exit.o)
                0x800aa91c                _exit
 .text          0x800aa944      0x4cc c:/devkitpro/devkitppc/bin/../lib/gcc/powerpc-eabi/4.6.3/../../../../powerpc-eabi/lib\libsysbase.a(chdir.o)
                0x800aa944                _concatenate_path
                0x800aab94                chdir
                0x800aad2c                getcwd
 .text          0x800aae10       0x90 c:/devkitpro/devkitppc/bin/../lib/gcc/powerpc-eabi/4.6.3/../../../../powerpc-eabi/lib\libsysbase.a(build_argv.o)
                0x800aae10                build_argv
 .text          0x800aaea0      0x168 c:/devkitpro/devkitppc/bin/../lib/gcc/powerpc-eabi/4.6.3/../../../../powerpc-eabi/lib\libsysbase.a(syscall_support.o)
                0x800aaea0                __libc_lock_init
                0x800aaee0                __libc_lock_close
                0x800aaf20                __libc_lock_release
                0x800aaf60                __libc_lock_acquire
                0x800aafa0                __malloc_lock
                0x800aafd4                __malloc_unlock
 .text          0x800ab008      0x180 c:/devkitpro/devkitppc/bin/../lib/gcc/powerpc-eabi/4.6.3/../../../../powerpc-eabi/lib\libc.a(lib_a-setjmp.o)
                0x800ab008                setjmp
                0x800ab0c4                longjmp
 .text          0x800ab188       0x98 c:/devkitpro/devkitppc/bin/../lib/gcc/powerpc-eabi/4.6.3/../../../../powerpc-eabi/lib\libsysbase.a(close.o)
                0x800ab188                _close_r
 .text          0x800ab220       0xc8 c:/devkitpro/devkitppc/bin/../lib/gcc/powerpc-eabi/4.6.3/../../../../powerpc-eabi/lib\libsysbase.a(fstat.o)
                0x800ab220                _fstat_r
 .text          0x800ab2e8        0x8 c:/devkitpro/devkitppc/bin/../lib/gcc/powerpc-eabi/4.6.3/../../../../powerpc-eabi/lib\libsysbase.a(isatty.o)
                0x800ab2e8                _isatty_r
 .text          0x800ab2f0       0xcc c:/devkitpro/devkitppc/bin/../lib/gcc/powerpc-eabi/4.6.3/../../../../powerpc-eabi/lib\libsysbase.a(lseek.o)
                0x800ab2f0                _lseek_r
 .text          0x800ab3bc      0x14c c:/devkitpro/devkitppc/bin/../lib/gcc/powerpc-eabi/4.6.3/../../../../powerpc-eabi/lib\libsysbase.a(open.o)
                0x800ab3bc                _open_r
 .text          0x800ab508       0xac c:/devkitpro/devkitppc/bin/../lib/gcc/powerpc-eabi/4.6.3/../../../../powerpc-eabi/lib\libsysbase.a(read.o)
                0x800ab508                _read_r
 .text          0x800ab5b4       0x50 c:/devkitpro/devkitppc/bin/../lib/gcc/powerpc-eabi/4.6.3/../../../../powerpc-eabi/lib\libsysbase.a(sbrk.o)
                0x800ab5b4                _sbrk_r
 .text          0x800ab604       0xac c:/devkitpro/devkitppc/bin/../lib/gcc/powerpc-eabi/4.6.3/../../../../powerpc-eabi/lib\libsysbase.a(write.o)
                0x800ab604                _write_r
 .text          0x800ab6b0       0x6c c:/devkitpro/devkitppc/bin/../lib/gcc/powerpc-eabi/4.6.3/../../../../powerpc-eabi/lib\libsysbase.a(flock.o)
                0x800ab6b0                __flockfile
                0x800ab6f8                __funlockfile
 .text          0x800ab71c      0x174 c:/devkitpro/devkitppc/bin/../lib/gcc/powerpc-eabi/4.6.3/../../../../powerpc-eabi/lib\libsysbase.a(handle_manager.o)
                0x800ab71c                __release_handle
                0x800ab778                __alloc_handle
                0x800ab86c                __get_handle
 .text          0x800ab890       0x6c c:/devkitpro/devkitppc/bin/../lib/gcc/powerpc-eabi/4.6.3/crtend.o
 *(.text.*)
 .text._Z9achcreatev
                0x800ab8fc      0x10c ach.o
                0x800ab8fc                achcreate()
 .text._Z6acdisp11achievement
                0x800aba08      0x370 ach.o
                0x800aba08                acdisp(achievement)
 .text._Z16achievementcheckv
                0x800abd78      0x2fc ach.o
                0x800abd78                achievementcheck()
 .text._Z10customrandii
                0x800ac074       0x48 functions.o
                0x800ac074                customrand(int, int)
 .text._ZN7skittle13skittlecreateEv
                0x800ac0bc       0x8c functions.o
                0x800ac0bc                skittle::skittlecreate()
 .text._ZN7skittle8sdisplayEv
                0x800ac148       0x88 functions.o
                0x800ac148                skittle::sdisplay()
 .text._ZN4item10itemcreateEiiii
                0x800ac1d0       0x88 functions.o
                0x800ac1d0                item::itemcreate(int, int, int, int)
 .text._ZN6sprite6createEiiiiP13GRRLIB_texImg
                0x800ac258       0x18 functions.o
                0x800ac258                sprite::create(int, int, int, int, GRRLIB_texImg*)
 .text._ZN6sprite7displayEv
                0x800ac270       0x80 functions.o
                0x800ac270                sprite::display()
 .text._ZN6sprite7hittestES_
                0x800ac2f0       0x60 functions.o
                0x800ac2f0                sprite::hittest(sprite)
 .text._Z8sologamev
                0x800ac350      0x818 game.o
                0x800ac350                sologame()
 .text._Z8coopgamev
                0x800acb68      0xfb0 game.o
                0x800acb68                coopgame()
 .text._Z10spriteinitv
                0x800adb18      0x1a8 init.o
                0x800adb18                spriteinit()
 .text._Z7gfxinitv
                0x800adcc0      0x14c init.o
                0x800adcc0                gfxinit()
 .text._Z9gfxdeinitv
                0x800ade0c      0x238 init.o
                0x800ade0c                gfxdeinit()
 .text.startup.main
                0x800ae044      0x6dc main.o
                0x800ae044                main
 .text.GRRLIB_InitTileSet
                0x800ae720       0xc8 c:/devkitpro/devkitppc/bin/../lib/gcc/powerpc-eabi/4.6.3/../../../../powerpc-eabi/lib\libgrrlib.a(GRRLIB_bmf.o)
                0x800ae720                GRRLIB_InitTileSet
 .text.GRRLIB_ClipReset
                0x800ae7e8       0x40 c:/devkitpro/devkitppc/bin/../lib/gcc/powerpc-eabi/4.6.3/../../../../powerpc-eabi/lib\libgrrlib.a(GRRLIB_core.o)
                0x800ae7e8                GRRLIB_ClipReset
 .text.GRRLIB_Rectangle
                0x800ae828      0x148 c:/devkitpro/devkitppc/bin/../lib/gcc/powerpc-eabi/4.6.3/../../../../powerpc-eabi/lib\libgrrlib.a(GRRLIB_core.o)
                0x800ae828                GRRLIB_Rectangle
 .text.GRRLIB_FillScreen
                0x800ae970       0x70 c:/devkitpro/devkitppc/bin/../lib/gcc/powerpc-eabi/4.6.3/../../../../powerpc-eabi/lib\libgrrlib.a(GRRLIB_core.o)
                0x800ae970                GRRLIB_FillScreen
 .text.GRRLIB_Exit
                0x800ae9e0      0x10c c:/devkitpro/devkitppc/bin/../lib/gcc/powerpc-eabi/4.6.3/../../../../powerpc-eabi/lib\libgrrlib.a(GRRLIB_core.o)
                0x800ae9e0                GRRLIB_Exit
 .text.GRRLIB_Init
                0x800aeaec      0x508 c:/devkitpro/devkitppc/bin/../lib/gcc/powerpc-eabi/4.6.3/../../../../powerpc-eabi/lib\libgrrlib.a(GRRLIB_core.o)
                0x800aeaec                GRRLIB_Init
 .text.GRRLIB_DrawImg
                0x800aeff4      0x4a0 c:/devkitpro/devkitppc/bin/../lib/gcc/powerpc-eabi/4.6.3/../../../../powerpc-eabi/lib\libgrrlib.a(GRRLIB_render.o)
                0x800aeff4                GRRLIB_DrawImg
 .text.GRRLIB_DrawTile
                0x800af494      0x480 c:/devkitpro/devkitppc/bin/../lib/gcc/powerpc-eabi/4.6.3/../../../../powerpc-eabi/lib\libgrrlib.a(GRRLIB_render.o)
                0x800af494                GRRLIB_DrawTile
 .text.GRRLIB_Render
                0x800af914       0xa8 c:/devkitpro/devkitppc/bin/../lib/gcc/powerpc-eabi/4.6.3/../../../../powerpc-eabi/lib\libgrrlib.a(GRRLIB_render.o)
                0x800af914                GRRLIB_Render
 .text.GRRLIB_LoadTexturePNG
                0x800af9bc      0x140 c:/devkitpro/devkitppc/bin/../lib/gcc/powerpc-eabi/4.6.3/../../../../powerpc-eabi/lib\libgrrlib.a(GRRLIB_texEdit.o)
                0x800af9bc                GRRLIB_LoadTexturePNG
 .text.GRRLIB_InitTTF
                0x800afafc       0x34 c:/devkitpro/devkitppc/bin/../lib/gcc/powerpc-eabi/4.6.3/../../../../powerpc-eabi/lib\libgrrlib.a(GRRLIB_ttf.o)
                0x800afafc                GRRLIB_InitTTF
 .text.GRRLIB_ExitTTF
                0x800afb30       0x28 c:/devkitpro/devkitppc/bin/../lib/gcc/powerpc-eabi/4.6.3/../../../../powerpc-eabi/lib\libgrrlib.a(GRRLIB_ttf.o)
                0x800afb30                GRRLIB_ExitTTF
 .text.GRRLIB_LoadTTF
                0x800afb58       0x7c c:/devkitpro/devkitppc/bin/../lib/gcc/powerpc-eabi/4.6.3/../../../../powerpc-eabi/lib\libgrrlib.a(GRRLIB_ttf.o)
                0x800afb58                GRRLIB_LoadTTF
 .text.GRRLIB_FreeTTF
                0x800afbd4       0x3c c:/devkitpro/devkitppc/bin/../lib/gcc/powerpc-eabi/4.6.3/../../../../powerpc-eabi/lib\libgrrlib.a(GRRLIB_ttf.o)
                0x800afbd4                GRRLIB_FreeTTF
 .text.GRRLIB_PrintfTTFW
                0x800afc10      0x2d4 c:/devkitpro/devkitppc/bin/../lib/gcc/powerpc-eabi/4.6.3/../../../../powerpc-eabi/lib\libgrrlib.a(GRRLIB_ttf.o)
                0x800afc10                GRRLIB_PrintfTTFW
 .text.GRRLIB_PrintfTTF
                0x800afee4       0xe4 c:/devkitpro/devkitppc/bin/../lib/gcc/powerpc-eabi/4.6.3/../../../../powerpc-eabi/lib\libgrrlib.a(GRRLIB_ttf.o)
                0x800afee4                GRRLIB_PrintfTTF
 .text.pngu_read_data_from_buffer
                0x800affc8       0x68 c:/devkitpro/devkitppc/bin/../lib/gcc/powerpc-eabi/4.6.3/../../../../powerpc-eabi/lib\libpngu.a(pngu.o)
                0x800affc8                pngu_read_data_from_buffer
 .text.PNGU_SelectImageFromBuffer
                0x800b0030       0x60 c:/devkitpro/devkitppc/bin/../lib/gcc/powerpc-eabi/4.6.3/../../../../powerpc-eabi/lib\libpngu.a(pngu.o)
                0x800b0030                PNGU_SelectImageFromBuffer
 .text.pngu_info
                0x800b0090      0x504 c:/devkitpro/devkitppc/bin/../lib/gcc/powerpc-eabi/4.6.3/../../../../powerpc-eabi/lib\libpngu.a(pngu.o)
                0x800b0090                pngu_info
 .text.PNGU_GetImageProperties
                0x800b0594       0xa0 c:/devkitpro/devkitppc/bin/../lib/gcc/powerpc-eabi/4.6.3/../../../../powerpc-eabi/lib\libpngu.a(pngu.o)
                0x800b0594                PNGU_GetImageProperties
 .text.pngu_free_info
                0x800b0634       0x64 c:/devkitpro/devkitppc/bin/../lib/gcc/powerpc-eabi/4.6.3/../../../../powerpc-eabi/lib\libpngu.a(pngu.o)
                0x800b0634                pngu_free_info
 .text.pngu_decode
                0x800b0698      0x1fc c:/devkitpro/devkitppc/bin/../lib/gcc/powerpc-eabi/4.6.3/../../../../powerpc-eabi/lib\libpngu.a(pngu.o)
                0x800b0698                pngu_decode
 .text.PNGU_DecodeTo4x4RGBA8
                0x800b0894      0x3b8 c:/devkitpro/devkitppc/bin/../lib/gcc/powerpc-eabi/4.6.3/../../../../powerpc-eabi/lib\libpngu.a(pngu.o)
                0x800b0894                PNGU_DecodeTo4x4RGBA8
 .text.PNGU_ReleaseImageContext
                0x800b0c4c       0x68 c:/devkitpro/devkitppc/bin/../lib/gcc/powerpc-eabi/4.6.3/../../../../powerpc-eabi/lib\libpngu.a(pngu.o)
                0x800b0c4c                PNGU_ReleaseImageContext
 .text.png_set_sig_bytes
                0x800b0cb4       0x68 c:/devkitpro/devkitppc/bin/../lib/gcc/powerpc-eabi/4.6.3/../../../../powerpc-eabi/lib\libpng.a(png.o)
                0x800b0cb4                png_set_sig_bytes
 .text.png_sig_cmp
                0x800b0d1c       0x84 c:/devkitpro/devkitppc/bin/../lib/gcc/powerpc-eabi/4.6.3/../../../../powerpc-eabi/lib\libpng.a(png.o)
                0x800b0d1c                png_sig_cmp
 .text.png_zalloc
                0x800b0da0       0x6c c:/devkitpro/devkitppc/bin/../lib/gcc/powerpc-eabi/4.6.3/../../../../powerpc-eabi/lib\libpng.a(png.o)
                0x800b0da0                png_zalloc
 .text.png_zfree
                0x800b0e0c       0x20 c:/devkitpro/devkitppc/bin/../lib/gcc/powerpc-eabi/4.6.3/../../../../powerpc-eabi/lib\libpng.a(png.o)
                0x800b0e0c                png_zfree
 .text.png_reset_crc
                0x800b0e2c       0x3c c:/devkitpro/devkitppc/bin/../lib/gcc/powerpc-eabi/4.6.3/../../../../powerpc-eabi/lib\libpng.a(png.o)
                0x800b0e2c                png_reset_crc
 .text.png_calculate_crc
                0x800b0e68       0x6c c:/devkitpro/devkitppc/bin/../lib/gcc/powerpc-eabi/4.6.3/../../../../powerpc-eabi/lib\libpng.a(png.o)
                0x800b0e68                png_calculate_crc
 .text.png_info_init_3
                0x800b0ed4       0x5c c:/devkitpro/devkitppc/bin/../lib/gcc/powerpc-eabi/4.6.3/../../../../powerpc-eabi/lib\libpng.a(png.o)
                0x800b0ed4                png_info_init_3
 .text.png_create_info_struct
                0x800b0f30       0x60 c:/devkitpro/devkitppc/bin/../lib/gcc/powerpc-eabi/4.6.3/../../../../powerpc-eabi/lib\libpng.a(png.o)
                0x800b0f30                png_create_info_struct
 .text.png_free_data
                0x800b0f90      0x504 c:/devkitpro/devkitppc/bin/../lib/gcc/powerpc-eabi/4.6.3/../../../../powerpc-eabi/lib\libpng.a(png.o)
                0x800b0f90                png_free_data
 .text.png_info_destroy
                0x800b1494       0x68 c:/devkitpro/devkitppc/bin/../lib/gcc/powerpc-eabi/4.6.3/../../../../powerpc-eabi/lib\libpng.a(png.o)
                0x800b1494                png_info_destroy
 .text.png_get_io_ptr
                0x800b14fc       0x14 c:/devkitpro/devkitppc/bin/../lib/gcc/powerpc-eabi/4.6.3/../../../../powerpc-eabi/lib\libpng.a(png.o)
                0x800b14fc                png_get_io_ptr
 .text.png_init_io
                0x800b1510       0x10 c:/devkitpro/devkitppc/bin/../lib/gcc/powerpc-eabi/4.6.3/../../../../powerpc-eabi/lib\libpng.a(png.o)
                0x800b1510                png_init_io
 .text.png_get_header_ver
                0x800b1520        0xc c:/devkitpro/devkitppc/bin/../lib/gcc/powerpc-eabi/4.6.3/../../../../powerpc-eabi/lib\libpng.a(png.o)
                0x800b1520                png_get_header_ver
 .text.png_handle_as_unknown
                0x800b152c       0xb4 c:/devkitpro/devkitppc/bin/../lib/gcc/powerpc-eabi/4.6.3/../../../../powerpc-eabi/lib\libpng.a(png.o)
                0x800b152c                png_handle_as_unknown
 .text.png_64bit_product
                0x800b15e0       0x4c c:/devkitpro/devkitppc/bin/../lib/gcc/powerpc-eabi/4.6.3/../../../../powerpc-eabi/lib\libpng.a(png.o)
                0x800b15e0                png_64bit_product
 .text.png_check_cHRM_fixed
                0x800b162c      0x238 c:/devkitpro/devkitppc/bin/../lib/gcc/powerpc-eabi/4.6.3/../../../../powerpc-eabi/lib\libpng.a(png.o)
                0x800b162c                png_check_cHRM_fixed
 .text.png_check_IHDR
                0x800b1864      0x384 c:/devkitpro/devkitppc/bin/../lib/gcc/powerpc-eabi/4.6.3/../../../../powerpc-eabi/lib\libpng.a(png.o)
                0x800b1864                png_check_IHDR
 .text.png_format_buffer
                0x800b1be8       0xf0 c:/devkitpro/devkitppc/bin/../lib/gcc/powerpc-eabi/4.6.3/../../../../powerpc-eabi/lib\libpng.a(pngerror.o)
 .text.png_error
                0x800b1cd8       0xbc c:/devkitpro/devkitppc/bin/../lib/gcc/powerpc-eabi/4.6.3/../../../../powerpc-eabi/lib\libpng.a(pngerror.o)
                0x800b1cd8                png_error
 .text.png_warning
                0x800b1d94       0xc4 c:/devkitpro/devkitppc/bin/../lib/gcc/powerpc-eabi/4.6.3/../../../../powerpc-eabi/lib\libpng.a(pngerror.o)
                0x800b1d94                png_warning
 .text.png_chunk_error
                0x800b1e58       0x30 c:/devkitpro/devkitppc/bin/../lib/gcc/powerpc-eabi/4.6.3/../../../../powerpc-eabi/lib\libpng.a(pngerror.o)
                0x800b1e58                png_chunk_error
 .text.png_chunk_warning
                0x800b1e88       0x44 c:/devkitpro/devkitppc/bin/../lib/gcc/powerpc-eabi/4.6.3/../../../../powerpc-eabi/lib\libpng.a(pngerror.o)
                0x800b1e88                png_chunk_warning
 .text.png_set_longjmp_fn
                0x800b1ecc       0x20 c:/devkitpro/devkitppc/bin/../lib/gcc/powerpc-eabi/4.6.3/../../../../powerpc-eabi/lib\libpng.a(pngerror.o)
                0x800b1ecc                png_set_longjmp_fn
 .text.png_set_error_fn
                0x800b1eec       0x18 c:/devkitpro/devkitppc/bin/../lib/gcc/powerpc-eabi/4.6.3/../../../../powerpc-eabi/lib\libpng.a(pngerror.o)
                0x800b1eec                png_set_error_fn
 .text.png_get_rowbytes
                0x800b1f04       0x1c c:/devkitpro/devkitppc/bin/../lib/gcc/powerpc-eabi/4.6.3/../../../../powerpc-eabi/lib\libpng.a(pngget.o)
                0x800b1f04                png_get_rowbytes
 .text.png_get_bKGD
                0x800b1f20       0x38 c:/devkitpro/devkitppc/bin/../lib/gcc/powerpc-eabi/4.6.3/../../../../powerpc-eabi/lib\libpng.a(pngget.o)
                0x800b1f20                png_get_bKGD
 .text.png_get_IHDR
                0x800b1f58       0xd0 c:/devkitpro/devkitppc/bin/../lib/gcc/powerpc-eabi/4.6.3/../../../../powerpc-eabi/lib\libpng.a(pngget.o)
                0x800b1f58                png_get_IHDR
 .text.png_get_tRNS
                0x800b2028       0x98 c:/devkitpro/devkitppc/bin/../lib/gcc/powerpc-eabi/4.6.3/../../../../powerpc-eabi/lib\libpng.a(pngget.o)
                0x800b2028                png_get_tRNS
 .text.png_create_struct_2
                0x800b20c0       0x9c c:/devkitpro/devkitppc/bin/../lib/gcc/powerpc-eabi/4.6.3/../../../../powerpc-eabi/lib\libpng.a(pngmem.o)
                0x800b20c0                png_create_struct_2
 .text.png_create_struct
                0x800b215c        0xc c:/devkitpro/devkitppc/bin/../lib/gcc/powerpc-eabi/4.6.3/../../../../powerpc-eabi/lib\libpng.a(pngmem.o)
                0x800b215c                png_create_struct
 .text.png_destroy_struct_2
                0x800b2168       0x58 c:/devkitpro/devkitppc/bin/../lib/gcc/powerpc-eabi/4.6.3/../../../../powerpc-eabi/lib\libpng.a(pngmem.o)
                0x800b2168                png_destroy_struct_2
 .text.png_destroy_struct
                0x800b21c0        0xc c:/devkitpro/devkitppc/bin/../lib/gcc/powerpc-eabi/4.6.3/../../../../powerpc-eabi/lib\libpng.a(pngmem.o)
                0x800b21c0                png_destroy_struct
 .text.png_malloc_default
                0x800b21cc       0x38 c:/devkitpro/devkitppc/bin/../lib/gcc/powerpc-eabi/4.6.3/../../../../powerpc-eabi/lib\libpng.a(pngmem.o)
                0x800b21cc                png_malloc_default
 .text.png_malloc
                0x800b2204       0x90 c:/devkitpro/devkitppc/bin/../lib/gcc/powerpc-eabi/4.6.3/../../../../powerpc-eabi/lib\libpng.a(pngmem.o)
                0x800b2204                png_malloc
 .text.png_calloc
                0x800b2294       0x4c c:/devkitpro/devkitppc/bin/../lib/gcc/powerpc-eabi/4.6.3/../../../../powerpc-eabi/lib\libpng.a(pngmem.o)
                0x800b2294                png_calloc
 .text.png_free_default
                0x800b22e0       0x34 c:/devkitpro/devkitppc/bin/../lib/gcc/powerpc-eabi/4.6.3/../../../../powerpc-eabi/lib\libpng.a(pngmem.o)
                0x800b22e0                png_free_default
 .text.png_free
                0x800b2314       0x50 c:/devkitpro/devkitppc/bin/../lib/gcc/powerpc-eabi/4.6.3/../../../../powerpc-eabi/lib\libpng.a(pngmem.o)
                0x800b2314                png_free
 .text.png_malloc_warn
                0x800b2364       0x54 c:/devkitpro/devkitppc/bin/../lib/gcc/powerpc-eabi/4.6.3/../../../../powerpc-eabi/lib\libpng.a(pngmem.o)
                0x800b2364                png_malloc_warn
 .text.png_set_mem_fn
                0x800b23b8       0x18 c:/devkitpro/devkitppc/bin/../lib/gcc/powerpc-eabi/4.6.3/../../../../powerpc-eabi/lib\libpng.a(pngmem.o)
                0x800b23b8                png_set_mem_fn
 .text.png_create_read_struct_2
                0x800b23d0      0x3f4 c:/devkitpro/devkitppc/bin/../lib/gcc/powerpc-eabi/4.6.3/../../../../powerpc-eabi/lib\libpng.a(pngread.o)
                0x800b23d0                png_create_read_struct_2
 .text.png_create_read_struct
                0x800b27c4       0x10 c:/devkitpro/devkitppc/bin/../lib/gcc/powerpc-eabi/4.6.3/../../../../powerpc-eabi/lib\libpng.a(pngread.o)
                0x800b27c4                png_create_read_struct
 .text.png_read_info
                0x800b27d4      0x7b8 c:/devkitpro/devkitppc/bin/../lib/gcc/powerpc-eabi/4.6.3/../../../../powerpc-eabi/lib\libpng.a(pngread.o)
                0x800b27d4                png_read_info
 .text.png_read_update_info
                0x800b2f8c       0x64 c:/devkitpro/devkitppc/bin/../lib/gcc/powerpc-eabi/4.6.3/../../../../powerpc-eabi/lib\libpng.a(pngread.o)
                0x800b2f8c                png_read_update_info
 .text.png_read_row
                0x800b2ff0      0x628 c:/devkitpro/devkitppc/bin/../lib/gcc/powerpc-eabi/4.6.3/../../../../powerpc-eabi/lib\libpng.a(pngread.o)
                0x800b2ff0                png_read_row
 .text.png_read_image
                0x800b3618       0xc0 c:/devkitpro/devkitppc/bin/../lib/gcc/powerpc-eabi/4.6.3/../../../../powerpc-eabi/lib\libpng.a(pngread.o)
                0x800b3618                png_read_image
 .text.png_read_destroy
                0x800b36d8      0x2c0 c:/devkitpro/devkitppc/bin/../lib/gcc/powerpc-eabi/4.6.3/../../../../powerpc-eabi/lib\libpng.a(pngread.o)
                0x800b36d8                png_read_destroy
 .text.png_destroy_read_struct
                0x800b3998      0x130 c:/devkitpro/devkitppc/bin/../lib/gcc/powerpc-eabi/4.6.3/../../../../powerpc-eabi/lib\libpng.a(pngread.o)
                0x800b3998                png_destroy_read_struct
 .text.png_default_read_data
                0x800b3ac8       0x60 c:/devkitpro/devkitppc/bin/../lib/gcc/powerpc-eabi/4.6.3/../../../../powerpc-eabi/lib\libpng.a(pngrio.o)
                0x800b3ac8                png_default_read_data
 .text.png_read_data
                0x800b3b28       0x4c c:/devkitpro/devkitppc/bin/../lib/gcc/powerpc-eabi/4.6.3/../../../../powerpc-eabi/lib\libpng.a(pngrio.o)
                0x800b3b28                png_read_data
 .text.png_set_read_fn
                0x800b3b74       0x84 c:/devkitpro/devkitppc/bin/../lib/gcc/powerpc-eabi/4.6.3/../../../../powerpc-eabi/lib\libpng.a(pngrio.o)
                0x800b3b74                png_set_read_fn
 .text.png_set_strip_16
                0x800b3bf8       0x18 c:/devkitpro/devkitppc/bin/../lib/gcc/powerpc-eabi/4.6.3/../../../../powerpc-eabi/lib\libpng.a(pngrtran.o)
                0x800b3bf8                png_set_strip_16
 .text.png_set_strip_alpha
                0x800b3c10       0x18 c:/devkitpro/devkitppc/bin/../lib/gcc/powerpc-eabi/4.6.3/../../../../powerpc-eabi/lib\libpng.a(pngrtran.o)
                0x800b3c10                png_set_strip_alpha
 .text.png_set_gray_to_rgb
                0x800b3c28       0x1c c:/devkitpro/devkitppc/bin/../lib/gcc/powerpc-eabi/4.6.3/../../../../powerpc-eabi/lib\libpng.a(pngrtran.o)
                0x800b3c28                png_set_gray_to_rgb
 .text.png_read_transform_info
                0x800b3c44      0x2d4 c:/devkitpro/devkitppc/bin/../lib/gcc/powerpc-eabi/4.6.3/../../../../powerpc-eabi/lib\libpng.a(pngrtran.o)
                0x800b3c44                png_read_transform_info
 .text.png_do_unpack
                0x800b3f18      0x1ac c:/devkitpro/devkitppc/bin/../lib/gcc/powerpc-eabi/4.6.3/../../../../powerpc-eabi/lib\libpng.a(pngrtran.o)
                0x800b3f18                png_do_unpack
 .text.png_do_unshift
                0x800b40c4      0x214 c:/devkitpro/devkitppc/bin/../lib/gcc/powerpc-eabi/4.6.3/../../../../powerpc-eabi/lib\libpng.a(pngrtran.o)
                0x800b40c4                png_do_unshift
 .text.png_do_chop
                0x800b42d8       0x60 c:/devkitpro/devkitppc/bin/../lib/gcc/powerpc-eabi/4.6.3/../../../../powerpc-eabi/lib\libpng.a(pngrtran.o)
                0x800b42d8                png_do_chop
 .text.png_do_read_swap_alpha
                0x800b4338      0x130 c:/devkitpro/devkitppc/bin/../lib/gcc/powerpc-eabi/4.6.3/../../../../powerpc-eabi/lib\libpng.a(pngrtran.o)
                0x800b4338                png_do_read_swap_alpha
 .text.png_do_read_invert_alpha
                0x800b4468       0xfc c:/devkitpro/devkitppc/bin/../lib/gcc/powerpc-eabi/4.6.3/../../../../powerpc-eabi/lib\libpng.a(pngrtran.o)
                0x800b4468                png_do_read_invert_alpha
 .text.png_do_read_filler
                0x800b4564      0x354 c:/devkitpro/devkitppc/bin/../lib/gcc/powerpc-eabi/4.6.3/../../../../powerpc-eabi/lib\libpng.a(pngrtran.o)
                0x800b4564                png_do_read_filler
 .text.png_do_gray_to_rgb
                0x800b48b8      0x218 c:/devkitpro/devkitppc/bin/../lib/gcc/powerpc-eabi/4.6.3/../../../../powerpc-eabi/lib\libpng.a(pngrtran.o)
                0x800b48b8                png_do_gray_to_rgb
 .text.png_do_rgb_to_gray
                0x800b4ad0      0x68c c:/devkitpro/devkitppc/bin/../lib/gcc/powerpc-eabi/4.6.3/../../../../powerpc-eabi/lib\libpng.a(pngrtran.o)
                0x800b4ad0                png_do_rgb_to_gray
 .text.png_do_background
                0x800b515c     0x1134 c:/devkitpro/devkitppc/bin/../lib/gcc/powerpc-eabi/4.6.3/../../../../powerpc-eabi/lib\libpng.a(pngrtran.o)
                0x800b515c                png_do_background
 .text.png_do_gamma
                0x800b6290      0x454 c:/devkitpro/devkitppc/bin/../lib/gcc/powerpc-eabi/4.6.3/../../../../powerpc-eabi/lib\libpng.a(pngrtran.o)
                0x800b6290                png_do_gamma
 .text.png_do_expand_palette
                0x800b66e4      0x308 c:/devkitpro/devkitppc/bin/../lib/gcc/powerpc-eabi/4.6.3/../../../../powerpc-eabi/lib\libpng.a(pngrtran.o)
                0x800b66e4                png_do_expand_palette
 .text.png_do_expand
                0x800b69ec      0x5a4 c:/devkitpro/devkitppc/bin/../lib/gcc/powerpc-eabi/4.6.3/../../../../powerpc-eabi/lib\libpng.a(pngrtran.o)
                0x800b69ec                png_do_expand
 .text.png_do_quantize
                0x800b6f90      0x15c c:/devkitpro/devkitppc/bin/../lib/gcc/powerpc-eabi/4.6.3/../../../../powerpc-eabi/lib\libpng.a(pngrtran.o)
                0x800b6f90                png_do_quantize
 .text.png_do_read_transformations
                0x800b70ec      0x508 c:/devkitpro/devkitppc/bin/../lib/gcc/powerpc-eabi/4.6.3/../../../../powerpc-eabi/lib\libpng.a(pngrtran.o)
                0x800b70ec                png_do_read_transformations
 .text.png_build_gamma_table